
######## setup #######
[2026-09-09 11:30:45] output directory: C:\Users\sudha\OneDrive\Documents\GitHub\Erudition\kaggle_1st_place\solution\results\arch_v3_raft
[2026-09-09 11:30:45] train path: C:\Users\sudha\OneDrive\Documents\GitHub\Erudition\kaggle_1st_place\solution\data\train
[2026-09-09 11:30:45] device: cuda
[2026-09-09 11:30:45] well limit: None
[2026-09-09 11:30:45] train wells: 773
[2026-09-09 11:30:45] raw/downsample/bins: 11024/32/345, typewell_len=400, tw_gr_grid_type=interpolate
[2026-09-09 11:30:45] batch size: train=4, val=4, grad_accum_steps=4, train_drop_last=True, epochs=60, folds=1, log_freq=5, workers=4, persistent_workers=True, prefetch_factor=1, pin_memory=True
[2026-09-09 11:30:45] CV split: mode=holdout, geo_map_path=C:\Users\sudha\OneDrive\Documents\GitHub\Erudition\kaggle_1st_place\solution\data\train_png_typewell_map.csv, kmeans_clusters=20, kmeans_seed=0, seed=7
[2026-09-09 11:30:45] optimizer: {'optimizer': 'adamw', 'lr': 0.0002, 'min_lr': 5e-07, 'weight_decay': 0.02, 'scheduler': 'cos', 'constant_ratio': 0.0, 'layer_wise_lr': False, 'layer_decay': 0.8}, betas=(0.9, 0.999), eps=1e-08, finetune_epochs=None, finetune_log_freq=1, finetune_lr_reduce=0.3, finetune_disabled_augs=['z_shift']
[2026-09-09 11:30:45] loss: unet weighted_huber_ce weights={'regression': 0.0, 'offset': 0.0, 'alignment': 0.06666666666666667, 'CDF': 0.0, 'GR_penalty': 0.016666666666666666, 'dS_penalty': 0.0, 'unet_GR_RMSE': 0.0, 'unimodal': 0.0, 'iters': 0.016666666666666666}, alignment_target=exp_smooth, sigma=1.25, tvt_diff_clip=100, model_down_weight=0 wells=0, min_seq_weight=1, seq_noise_weight=False, seq_noise_smooth=3, seq_noise_power=1, gr_corr_weight=False, gr_corr_weight_p=1, gr_corr_weight_smooth_window=5, gr_corr_weight_smooth_factor=0.5
[2026-09-09 11:30:45] simulation: sim_cfg={'keep_ori_path': {'apply_prob': 0.0}, 'z_shift': {'apply_prob': 0.85, 'S_jump_thr': 0.15, 'prefix_sample_len': None, 'safe_range_guard': False, 'safe_range_guard_resample': 5, 'sample_model': 'diff_block_bootstrap', 'sample_from_same_well': False, 'rule_apply_prob': 1.0, 'rule_reverse_prob': 0.5, 'rule_clip_prob': 0.5, 'rule_clip_min_len': 3000, 'rule_stretch_range': (0.9, 1.1), 'rule_scale_range': (0.9, 1.1), 'diff_block_lengths': (1024, 2048, 4096), 'diff_block_weights': (0.45, 0.4, 0.15), 'diff_block_join_width': 16, 'diff_block_reverse_prob': 0.0, 'diff_block_candidate_count': 1, 'pf_sample_sg_window': 127, 'pf_sample_sg_polyorder': 2, 'z_shift_range': 40, 'drift_ratio': 0.0, 'fault_ratio': 0.05, 'fault_max_num': 3, 'fault_std': 1.75, 'noise_mode': {'TVT_bias_v2': 1.0}, 'nan_mode': {'shift': 1.0}, 'TVT_bias_std': 0.95, 'TVT_bias_window': 1280, 'TVT_bias_v2_tvt_std': 0.95, 'TVT_bias_v2_windows': (1536, 256, 2), 'TVT_bias_v2_weights': (0.68, 0.2, 0.12), 'TVT_bias_v2_gr_std_ranges': ((5.6, 8.4), (8.4, 12.2), (12.2, 17.5)), 'TVT_bias_v2_gr_std_weights': (0.24, 0.51, 0.25), 'TVT_bias_v2_scale_mode': 'std', 'TVT_bias_v2_gr_offset_std': 2.0, 'TVT_bias_v2_clip_abs': 36.0, 'TVT_bias_v3_tvt_std_range': (0.14, 0.34), 'TVT_bias_v3_windows': (3072, 768, 96), 'TVT_bias_v3_weights': (0.55, 0.3, 0.15), 'TVT_bias_v3_step_prob': 0.1, 'TVT_bias_v3_step_abs_range': (3.0, 7.0), 'TVT_bias_v3_step_start_range': (0.25, 0.8), 'TVT_bias_v3_step_transition_rows': 192, 'TVT_bias_v3_max_abs_tvt': 9.0, 'TVT_bias_v3_response_power': 0.9308, 'TVT_bias_v3_response_weight': 0.5, 'TVT_bias_v3_mean_offset': 0.03, 'TVT_bias_v3_residual_std_range': (6.75, 8.75), 'TVT_bias_v3_residual_windows': (2048, 1024, 256, 40, 5, 2), 'TVT_bias_v3_residual_weights': (0.03, 0.05, 0.15, 0.35, 0.15, 0.15, 0.1), 'TVT_bias_v3_residual_tail_df': 6.0, 'TVT_bias_v3_boundary_window': 16, 'TVT_bias_v3_boundary_decay_rows': 32.0, 'TVT_bias_v3_random_ramp_rows': 2.0, 'TVT_bias_v3_boundary_persist': 0.0, 'TVT_bias_v3_offset_std': 1.2, 'TVT_bias_v3_clip_abs': 45.0, 'mixed_V1_tvt_weight': 0.4, 'mixed_V1_target_std': 10.7, 'mixed_V1_offset_std': 1.1, 'mixed_V1_windows': (320, 96, 24), 'mixed_V1_weights': (0.45, 0.25, 0.22, 0.08), 'mixed_V1_tail_df': 6.0, 'mixed_V1_clip_abs': 45.0, 'mixed_V1_slope_clip_ref': 0.0, 'mixed_V1_slope_clip_power': 1.0, 'mixed_V1_slope_smooth_window': 9, 'conditional_GR_bins': 28, 'conditional_GR_min_count': 512, 'conditional_GR_mean_shrink': 0.45, 'conditional_GR_scale_blend': 0.85, 'conditional_GR_windows': (1024, 256, 32), 'conditional_GR_weights': (0.48, 0.25, 0.2, 0.07), 'conditional_GR_tail_df': 6.0, 'conditional_GR_texture_weight': 0.25, 'conditional_GR_tvt_std': 0.75, 'conditional_GR_offset_std': 1.2, 'conditional_GR_std_ranges': ((5.6, 8.4), (8.4, 12.2), (12.2, 17.5)), 'conditional_GR_std_weights': (0.24, 0.51, 0.25), 'conditional_GR_clip_abs': 45.0, 'decomposed_GR_mean_mode': 'power', 'decomposed_GR_power': 0.9308, 'decomposed_GR_mean_shrink': 0.7, 'decomposed_GR_scale_blend': 0.55, 'decomposed_GR_random_windows': (256, 64, 8), 'decomposed_GR_random_weights': (0.34, 0.28, 0.22, 0.16), 'decomposed_GR_tail_df': 6.0, 'decomposed_GR_tvt_weight': 0.26, 'decomposed_GR_tvt_base_std': 0.26, 'decomposed_GR_tvt_base_windows': (512, 96, 8), 'decomposed_GR_tvt_base_weights': (0.5, 0.32, 0.18), 'decomposed_GR_tvt_event_prob': 0.5, 'decomposed_GR_tvt_event_max': 3, 'decomposed_GR_tvt_event_min_len': 24, 'decomposed_GR_tvt_event_max_len': 160, 'decomposed_GR_tvt_event_std': 1.25, 'decomposed_GR_tvt_event_smooth': 9, 'decomposed_GR_target_rmse': 10.7, 'decomposed_GR_offset_std': 0.9, 'decomposed_GR_std_ranges': ((5.6, 8.4), (8.4, 12.2), (12.2, 17.5)), 'decomposed_GR_std_weights': (0.24, 0.51, 0.25), 'decomposed_GR_clip_abs': 45.0, 'real_block_len': 512, 'real_block_alpha_range': (0.65, 0.9), 'real_block_scale_clip': (0.6, 1.6), 'structured_alpha_range': (0.25, 0.65), 'structured_windows': (160, 64, 16), 'structured_weights': (0.5, 0.18, 0.25, 0.07), 'structured_scale_clip': (0.6, 1.6), 'structured_clip_abs': 45.0}, 'xy_shift': {'apply_prob': 0.0, 'ddS_jump_thr': 0.005, 'min_window': 10, 'shift_bound': 10, 'a_bound': 0.06, 'b_bound': 0.08}, 'typewell_mirror': {'apply_prob': 0.0, 'skip_out_of_typewell': True}, 'switch_typewell': {'apply_prob': 0.0, 'noise_mode': 'TVT_bias', 'same_nan': True, 'TVT_bias_std': 0.95, 'TVT_bias_window': 1280}}
[2026-09-09 11:30:45] augmentation: aug_cfg={'reverse_path': {'apply_prob': 0.25, 'head_TVT_bound': 10, 'sim_head_range': 256}, 'start_point_shift': {'apply_prob': 0.0, 'left_bound': 0.0, 'right_bound': 2000, 'max_ratio': 0.3}, 'GR_noise_shift': {'apply_prob': 0.0, 'shift_range_ratio': 1.0, 'noise_mode': 'copy', 'TVT_bias_std': 0.95, 'TVT_bias_window': 1280}, 'horizontal_gr_blur': {'apply_prob': 0.0, 'flat_region_max_ratio': 0.5}, 'MD_streching': {'apply_prob': 0.4, 'strech_ratio': (0.7, 1.3), 'apply_to_MD': True}, 'tail_cut': {'apply_prob': 0.2, 'max_cut_ratio': 0.5}, 'channel_mask_2d': {'apply_prob': 0.7, 'mask_prob': 0.1, 'PF_mask_prob': 0.05}, 'PF_rotate_shift': {'apply_prob': 0.1, 'ratio_jitter': 0.25, 'max_abs_shift': 20.0, 'shift_mode': 'absolute', 'center_mode': 'first_valid', 'k_clip': 0.0, 'min_fit_denom': 1e-06}, 'prior_corrupt_2d': {'apply_prob': 0.0, 'geo_apply_prob': 0.75, 'pf_apply_prob': 0.6, 'geo_bias_std': 1.5, 'geo_ramp_std': 3.0, 'geo_smooth_noise_std': 2.5, 'geo_smooth_window_choices': (9, 17, 33), 'geo_jump_prob': 0.05, 'geo_jump_std': 4.0, 'geo_max_abs_shift': 12.0, 'pf_path_noise_std': 1.5, 'pf_path_smooth_window_choices': (5, 11, 23), 'pf_path_max_abs_shift': 8.0, 'pf_temperature_range': (0.85, 1.35), 'pf_row_dropout_prob': 0.02, 'pf_wrong_mode_prob': 0.04, 'pf_wrong_mode_shift_range': (6.0, 14.0), 'geo_pf_disagreement_prob': 0.0, 'corrupt_metric_channels': False}, 'seq_mask': {'apply_prob': 0.1, 'mask_ratio': 0.3}, 'hflip': {'apply_prob': 0.0}, 'typewell_gr_jitter': {'apply_prob': 0.2, 'mode_weights': {'coherent_residual_copy': 1.0, 'reference_only': 0.0}, 'offset_std': 2.0, 'gain_std': 0.04, 'gain_clip': (0.9, 1.1), 'drift_std': 1.5, 'drift_window_ft_choices': (15.0, 30.0, 60.0), 'smooth_prob': 0.1, 'smooth_window_choices': (5, 11, 21), 'smooth_blend_range': (0.1, 0.35)}, 'GR_trf': {'apply_prob': 0.6, 'p_std': 0.0, 'a_std': 0.05, 'a_keep_mean': False, 'b_std': 2.0, 'ab_window': None, 'center_mirror_prob': 0.0, 'smooth_apply_prob': 0.1, 'sharpen_apply_prob': 0.1, 'smooth_window': 5, 'sharpen_alpha_range': (0.0, 0.3)}, 'typewell_drift': {'apply_prob': 0.3, 'shift_std': 1.0}}
[2026-09-09 11:30:45] target mode: unet, stats=(1.591691, 15.853182)
[2026-09-09 11:30:45] pred_sg_smooth: enabled=True, window=577, polyorder=1, blend=0.726196
[2026-09-09 11:30:45] geo prior: {'method': 'idw_dS_xy_wls', 'neighbor_wells': 12, 'point_neighbors': 112, 'idw_power': 2.0, 'point_neighbor_metric': 'anisotropic', 'anisotropy_angle_deg': 50.0, 'anisotropy_ratio': 1.3, 'train_bin_size': 64, 'query_bin_size': 32, 'query_upsample_mode': 'linear', 'prefix_bin_size': 32, 'prefix_support_rows': 512, 'clip_ds_xy': 0.0, 'filter_ds_thr': 0.15, 'wls_normalize_dxy': True, 'wls_ridge_frac': 0.01, 'wls_min_eig_ratio': 0.05, 'wls_max_grad': 0.25, 'wls_robust_mode': 'tukey', 'wls_robust_scale': 0.1, 'wls_robust_iters': 1, 'max_train_points': 12000, 'support_region': 'suffix', 'distance_eps': 1e-06}
[2026-09-09 11:30:45] model: unet, cfg={'unet_arch': 'convnext_small', 'unet_pretrained': None, 'unet_timm_model_name': 'convnext_small.in12k_ft_in1k_384', 'drop_path_rate': 0.0, 'unet_stem_stride': (2, 4), 'unet_stem_down_mode': 'pool', 'unet_convnext_norm_replace': 'BN', 'unet_convnext_bn_eps': 0.0001, 'unet_convnext_bn_momentum': 0.1, 'unet_convnext_bn_track_running_stats': True, 'unet_emb_dim': 32, 'unet_mults': (1, 2, 4, 4), 'unet_stacks': 1, 'res_kernel_size': 3, 'resblock_act': 'silu', 'resblock_norm': 'BN', 'unet_dropout': 0.0, 'head_hidden_mult': 2, 'updown_mode_2d': 'non-param', 'regression_head_mode': 'logits', 'share_logits_head': True, 'offset_detach_logits_head_in_loss': False, 'unet_channel_mask_prob': 0.0, 'unet_channel_mask_all_prob': 0.0, 'unet_channel_mask_value': 0.0, 'deep_sup': False, 'deep_sup_stage_decay': 0.5, 'arch_refine_iters': 8, 'arch_refine_hidden': 96, 'arch_refine_context': 96, 'arch_refine_radius': 4, 'arch_refine_dilations': (1, 4, 16)}
[2026-09-09 11:30:45] U-Net static channels: ('tw_gr', 'gr', 'gr_abs_diff', 'gr_isnan_rate', 'gr_std', 'gr_first_last_delta', 'gr_slope', 'gr_quadratic_a', 'gr_quadratic_b', 'gr_quadratic_c', 'gr_quadratic_rmse', 'tw_gr_is_nan', 'tw_tvt_rel', 'seen_tvt_rel', 'tw_seen_tvt_abs_diff', 'geo_tvt_diff')
[2026-09-09 11:30:45] EMA: enabled=True, decay=0.9900
[2026-09-09 11:30:45] holdout mode: train_frac=0.8
[2026-09-09 11:30:45] train wells: 618 (000d7d20 .. d011f41b)
[2026-09-09 11:30:45] holdout wells: 155 (d07aed8f .. ffefef30)
[2026-09-09 11:30:45] saved holdout split: C:\Users\sudha\OneDrive\Documents\GitHub\Erudition\kaggle_1st_place\solution\results\arch_v3_raft\holdout_split.csv
[2026-09-09 11:30:45] saved cfg pickle: C:\Users\sudha\OneDrive\Documents\GitHub\Erudition\kaggle_1st_place\solution\results\arch_v3_raft\cfg.pkl

######## model training #######
[2026-09-09 11:30:45] holdout split: train_wells=618, holdout_wells=155, repeats=1
[2026-09-09 11:30:45] fold0: training wells=618, validation wells=155
[2026-09-09 11:31:03] fold0: geo_prior idw_dS_xy_wls train_rmse=12.4144 val_rmse=11.5716 elapsed=8.21s
[2026-09-09 11:31:13] fold0: EMA enabled decay=0.9900
[2026-09-09 11:33:52] fold0 epoch 1: train_loss=0.334762 (alignment:4.7479,GR_penalty:0.6994,iters:0.3949), val_rmse_raw=15.1838, lr=2.00e-04
[2026-09-09 11:42:00] fold0 epoch 5: train_loss=0.263430 (alignment:3.8126,GR_penalty:0.3877,iters:0.1678), val_rmse_raw=15.1864, lr=1.97e-04
[2026-09-09 11:52:14] fold0 epoch 10: train_loss=0.244718 (alignment:3.5480,GR_penalty:0.3762,iters:0.1150), val_rmse_raw=13.5303, lr=1.87e-04
[2026-09-09 12:02:21] fold0 epoch 15: train_loss=0.239096 (alignment:3.4560,GR_penalty:0.4191,iters:0.1027), val_rmse_raw=8.5965, lr=1.71e-04
[2026-09-09 12:12:24] fold0 epoch 20: train_loss=0.233879 (alignment:3.3890,GR_penalty:0.3785,iters:0.0983), val_rmse_raw=5.8286, lr=1.50e-04
[2026-09-09 12:22:34] fold0 epoch 25: train_loss=0.229412 (alignment:3.3313,GR_penalty:0.3700,iters:0.0696), val_rmse_raw=5.6290, lr=1.26e-04
[2026-09-09 12:32:41] fold0 epoch 30: train_loss=0.224887 (alignment:3.2570,GR_penalty:0.4041,iters:0.0612), val_rmse_raw=5.7261, lr=1.00e-04
[2026-09-09 12:42:45] fold0 epoch 35: train_loss=0.222723 (alignment:3.2326,GR_penalty:0.3736,iters:0.0593), val_rmse_raw=5.6203, lr=7.44e-05
[2026-09-09 12:52:48] fold0 epoch 40: train_loss=0.217340 (alignment:3.1502,GR_penalty:0.3908,iters:0.0486), val_rmse_raw=5.2817, lr=5.04e-05
[2026-09-09 13:02:50] fold0 epoch 45: train_loss=0.218592 (alignment:3.1714,GR_penalty:0.3765,iters:0.0535), val_rmse_raw=5.3645, lr=2.97e-05
[2026-09-09 13:12:52] fold0 epoch 50: train_loss=0.217660 (alignment:3.1577,GR_penalty:0.3815,iters:0.0475), val_rmse_raw=5.3996, lr=1.39e-05
[2026-09-09 13:22:54] fold0 epoch 55: train_loss=0.216184 (alignment:3.1326,GR_penalty:0.3947,iters:0.0458), val_rmse_raw=5.3084, lr=3.90e-06
[2026-09-09 13:32:55] fold0 epoch 60: train_loss=0.216045 (alignment:3.1332,GR_penalty:0.3829,iters:0.0470), val_rmse_raw=5.2848, lr=5.00e-07
[2026-09-09 13:33:02] fold0: best_epoch=40, best_rmse=5.2817, final_rmse=5.2395, raw_rmse=5.2817, well_rmse=mean=4.0378, q50=2.8503, q75=5.3663, q95=10.7132, q99=15.0883, mean_lt_q95=3.4903, raw_well_rmse=mean=4.0816, q50=2.9169, q75=5.3717, q95=10.8240, q99=15.1841, mean_lt_q95=3.5309
[2026-09-09 13:33:05] fold0: CUDA cleanup allocated=0.06->0.06 GiB, reserved=4.63->0.06 GiB
[2026-09-09 13:33:05] OOF RMSE: 5.2395 | FOLD RMSE: 5.2395 (mean:5.2395 +- std:0.0000)
[2026-09-09 13:33:05] OOF raw RMSE: 5.2817 | RAW FOLD RMSE: 5.2817 (mean:5.2817 +- std:0.0000)
[2026-09-09 13:33:05] OOF well_rmse: mean=4.0378, q50=2.8503, q75=5.3663, q95=10.7132, q99=15.0883, mean_lt_q95=3.4903
[2026-09-09 13:33:05] OOF raw well_rmse: mean=4.0816, q50=2.9169, q75=5.3717, q95=10.8240, q99=15.1841, mean_lt_q95=3.5309
[2026-09-09 13:33:05] KFold train-phase avg RMSE best_epoch=40, best_avg_rmse=5.2817, folds=1
[2026-09-09 13:33:05] OOF sample150 RMSE: sample_wells=150, sample_count=10000, seed=20260622, mean=5.2386, q10=5.1364, q25=5.2040, q50=5.2629, q75=5.2884, q90=5.3024
[2026-09-09 13:33:05] OOF raw sample150 RMSE: sample_wells=150, sample_count=10000, seed=20260622, mean=5.2809, q10=5.1782, q25=5.2463, q50=5.3054, q75=5.3310, q90=5.3449

######## save models #######
[2026-09-09 13:33:06] saved models pickle: C:\Users\sudha\OneDrive\Documents\GitHub\Erudition\kaggle_1st_place\solution\results\arch_v3_raft\models.pkl

######## holdout scoring #######
[2026-09-09 13:33:06] saved holdout predictions: C:\Users\sudha\OneDrive\Documents\GitHub\Erudition\kaggle_1st_place\solution\results\arch_v3_raft\holdout_predictions.pqt
[2026-09-09 13:33:06] saved holdout metrics: C:\Users\sudha\OneDrive\Documents\GitHub\Erudition\kaggle_1st_place\solution\results\arch_v3_raft\holdout_metrics.json
[2026-09-09 13:33:06] 
[2026-09-09 13:33:06] HOLDOUT POOLED RMSE: 5.2395 ft over 754,122 suffix rows from 155 wells
[2026-09-09 13:33:06] HOLDOUT POOLED RMSE (pre-SG-smoothing): 5.2817 ft
[2026-09-09 13:33:06]   baseline pooled_rmse_geo_prior_baseline: 11.5716 ft
[2026-09-09 13:33:06] HOLDOUT per-well RMSE: mean=4.0378, q50=2.8503, q75=5.3663, q95=10.7132, q99=15.0883, mean_lt_q95=3.4903
[2026-09-09 13:33:06] saved print log: C:\Users\sudha\OneDrive\Documents\GitHub\Erudition\kaggle_1st_place\solution\results\arch_v3_raft\seq_nn.log
