
######## setup #######
[2026-09-21 11:14:46] output directory: C:\Users\sudha\OneDrive\Documents\GitHub\Erudition\kaggle_1st_place\solution\results\cnx_fastvit_kd_ep150
[2026-09-21 11:14:46] train path: C:\Users\sudha\OneDrive\Documents\GitHub\Erudition\kaggle_1st_place\solution\data\train
[2026-09-21 11:14:46] device: cuda
[2026-09-21 11:14:46] well limit: None
[2026-09-21 11:14:46] train wells: 773
[2026-09-21 11:14:46] raw/downsample/bins: 11024/32/345, typewell_len=400, tw_gr_grid_type=interpolate
[2026-09-21 11:14:46] batch size: train=4, val=4, grad_accum_steps=4, train_drop_last=True, epochs=150, folds=1, log_freq=5, workers=4, persistent_workers=True, prefetch_factor=1, pin_memory=True
[2026-09-21 11:14:46] CV split: mode=holdout, geo_map_path=C:\Users\sudha\OneDrive\Documents\GitHub\Erudition\kaggle_1st_place\solution\data\train_png_typewell_map.csv, kmeans_clusters=20, kmeans_seed=0, seed=7
[2026-09-21 11:14:46] optimizer: {'optimizer': 'adamw', 'lr': 0.0002, 'min_lr': 5e-07, 'weight_decay': 0.02, 'scheduler': 'cos', 'constant_ratio': 0.0, 'layer_wise_lr': False, 'layer_decay': 0.8}, betas=(0.9, 0.999), eps=1e-08, finetune_epochs=None, finetune_log_freq=1, finetune_lr_reduce=0.3, finetune_disabled_augs=['z_shift']
[2026-09-21 11:14:46] loss: unet weighted_huber_ce weights={'regression': 0.016666666666666666, 'offset': 0.0, 'alignment': 0.06666666666666667, 'CDF': 0.0, 'GR_penalty': 0.016666666666666666, 'dS_penalty': 0.0, 'unet_GR_RMSE': 0.0}, alignment_target=exp_smooth, sigma=1.25, tvt_diff_clip=100, model_down_weight=0 wells=0, min_seq_weight=1, seq_noise_weight=False, seq_noise_smooth=3, seq_noise_power=1, gr_corr_weight=False, gr_corr_weight_p=1, gr_corr_weight_smooth_window=5, gr_corr_weight_smooth_factor=0.5
[2026-09-21 11:14:46] simulation: sim_cfg={'keep_ori_path': {'apply_prob': 0.0}, 'z_shift': {'apply_prob': 0.85, 'S_jump_thr': 0.15, 'prefix_sample_len': None, 'safe_range_guard': False, 'safe_range_guard_resample': 5, 'sample_model': 'diff_block_bootstrap', 'sample_from_same_well': False, 'rule_apply_prob': 1.0, 'rule_reverse_prob': 0.5, 'rule_clip_prob': 0.5, 'rule_clip_min_len': 3000, 'rule_stretch_range': (0.9, 1.1), 'rule_scale_range': (0.9, 1.1), 'diff_block_lengths': (1024, 2048, 4096), 'diff_block_weights': (0.45, 0.4, 0.15), 'diff_block_join_width': 16, 'diff_block_reverse_prob': 0.0, 'diff_block_candidate_count': 1, 'pf_sample_sg_window': 127, 'pf_sample_sg_polyorder': 2, 'z_shift_range': 40, 'drift_ratio': 0.0, 'fault_ratio': 0.05, 'fault_max_num': 3, 'fault_std': 1.75, 'noise_mode': {'TVT_bias_v2': 1.0}, 'nan_mode': {'shift': 1.0}, 'TVT_bias_std': 0.95, 'TVT_bias_window': 1280, 'TVT_bias_v2_tvt_std': 0.95, 'TVT_bias_v2_windows': (1536, 256, 2), 'TVT_bias_v2_weights': (0.68, 0.2, 0.12), 'TVT_bias_v2_gr_std_ranges': ((5.6, 8.4), (8.4, 12.2), (12.2, 17.5)), 'TVT_bias_v2_gr_std_weights': (0.24, 0.51, 0.25), 'TVT_bias_v2_scale_mode': 'std', 'TVT_bias_v2_gr_offset_std': 2.0, 'TVT_bias_v2_clip_abs': 36.0, 'TVT_bias_v3_tvt_std_range': (0.14, 0.34), 'TVT_bias_v3_windows': (3072, 768, 96), 'TVT_bias_v3_weights': (0.55, 0.3, 0.15), 'TVT_bias_v3_step_prob': 0.1, 'TVT_bias_v3_step_abs_range': (3.0, 7.0), 'TVT_bias_v3_step_start_range': (0.25, 0.8), 'TVT_bias_v3_step_transition_rows': 192, 'TVT_bias_v3_max_abs_tvt': 9.0, 'TVT_bias_v3_response_power': 0.9308, 'TVT_bias_v3_response_weight': 0.5, 'TVT_bias_v3_mean_offset': 0.03, 'TVT_bias_v3_residual_std_range': (6.75, 8.75), 'TVT_bias_v3_residual_windows': (2048, 1024, 256, 40, 5, 2), 'TVT_bias_v3_residual_weights': (0.03, 0.05, 0.15, 0.35, 0.15, 0.15, 0.1), 'TVT_bias_v3_residual_tail_df': 6.0, 'TVT_bias_v3_boundary_window': 16, 'TVT_bias_v3_boundary_decay_rows': 32.0, 'TVT_bias_v3_random_ramp_rows': 2.0, 'TVT_bias_v3_boundary_persist': 0.0, 'TVT_bias_v3_offset_std': 1.2, 'TVT_bias_v3_clip_abs': 45.0, 'mixed_V1_tvt_weight': 0.4, 'mixed_V1_target_std': 10.7, 'mixed_V1_offset_std': 1.1, 'mixed_V1_windows': (320, 96, 24), 'mixed_V1_weights': (0.45, 0.25, 0.22, 0.08), 'mixed_V1_tail_df': 6.0, 'mixed_V1_clip_abs': 45.0, 'mixed_V1_slope_clip_ref': 0.0, 'mixed_V1_slope_clip_power': 1.0, 'mixed_V1_slope_smooth_window': 9, 'conditional_GR_bins': 28, 'conditional_GR_min_count': 512, 'conditional_GR_mean_shrink': 0.45, 'conditional_GR_scale_blend': 0.85, 'conditional_GR_windows': (1024, 256, 32), 'conditional_GR_weights': (0.48, 0.25, 0.2, 0.07), 'conditional_GR_tail_df': 6.0, 'conditional_GR_texture_weight': 0.25, 'conditional_GR_tvt_std': 0.75, 'conditional_GR_offset_std': 1.2, 'conditional_GR_std_ranges': ((5.6, 8.4), (8.4, 12.2), (12.2, 17.5)), 'conditional_GR_std_weights': (0.24, 0.51, 0.25), 'conditional_GR_clip_abs': 45.0, 'decomposed_GR_mean_mode': 'power', 'decomposed_GR_power': 0.9308, 'decomposed_GR_mean_shrink': 0.7, 'decomposed_GR_scale_blend': 0.55, 'decomposed_GR_random_windows': (256, 64, 8), 'decomposed_GR_random_weights': (0.34, 0.28, 0.22, 0.16), 'decomposed_GR_tail_df': 6.0, 'decomposed_GR_tvt_weight': 0.26, 'decomposed_GR_tvt_base_std': 0.26, 'decomposed_GR_tvt_base_windows': (512, 96, 8), 'decomposed_GR_tvt_base_weights': (0.5, 0.32, 0.18), 'decomposed_GR_tvt_event_prob': 0.5, 'decomposed_GR_tvt_event_max': 3, 'decomposed_GR_tvt_event_min_len': 24, 'decomposed_GR_tvt_event_max_len': 160, 'decomposed_GR_tvt_event_std': 1.25, 'decomposed_GR_tvt_event_smooth': 9, 'decomposed_GR_target_rmse': 10.7, 'decomposed_GR_offset_std': 0.9, 'decomposed_GR_std_ranges': ((5.6, 8.4), (8.4, 12.2), (12.2, 17.5)), 'decomposed_GR_std_weights': (0.24, 0.51, 0.25), 'decomposed_GR_clip_abs': 45.0, 'real_block_len': 512, 'real_block_alpha_range': (0.65, 0.9), 'real_block_scale_clip': (0.6, 1.6), 'structured_alpha_range': (0.25, 0.65), 'structured_windows': (160, 64, 16), 'structured_weights': (0.5, 0.18, 0.25, 0.07), 'structured_scale_clip': (0.6, 1.6), 'structured_clip_abs': 45.0}, 'xy_shift': {'apply_prob': 0.0, 'ddS_jump_thr': 0.005, 'min_window': 10, 'shift_bound': 10, 'a_bound': 0.06, 'b_bound': 0.08}, 'typewell_mirror': {'apply_prob': 0.0, 'skip_out_of_typewell': True}, 'switch_typewell': {'apply_prob': 0.0, 'noise_mode': 'TVT_bias', 'same_nan': True, 'TVT_bias_std': 0.95, 'TVT_bias_window': 1280}, 'reskin': {'apply_prob': 0.0, 'noise_mode': 'copy', 'same_nan': True, 'quantile_jitter': 0.1, 'max_attempts': 8, 'crop_margin_ft': None, 'grid_step_ft': 1.0, 'min_overlap_ft': 100.0, 'corr_threshold': 0.9, 'min_band_wells': 3, 'min_band_ft': 20.0}}
[2026-09-21 11:14:46] augmentation: aug_cfg={'reverse_path': {'apply_prob': 0.25, 'head_TVT_bound': 10, 'sim_head_range': 256}, 'start_point_shift': {'apply_prob': 0.0, 'left_bound': 0.0, 'right_bound': 2000, 'max_ratio': 0.3}, 'GR_noise_shift': {'apply_prob': 0.0, 'shift_range_ratio': 1.0, 'noise_mode': 'copy', 'TVT_bias_std': 0.95, 'TVT_bias_window': 1280}, 'horizontal_gr_blur': {'apply_prob': 0.0, 'flat_region_max_ratio': 0.5}, 'MD_streching': {'apply_prob': 0.4, 'strech_ratio': (0.7, 1.3), 'apply_to_MD': True}, 'tail_cut': {'apply_prob': 0.2, 'max_cut_ratio': 0.5}, 'channel_mask_2d': {'apply_prob': 0.7, 'mask_prob': 0.1, 'PF_mask_prob': 0.05}, 'PF_rotate_shift': {'apply_prob': 0.1, 'ratio_jitter': 0.25, 'max_abs_shift': 20.0, 'shift_mode': 'absolute', 'center_mode': 'first_valid', 'k_clip': 0.0, 'min_fit_denom': 1e-06}, 'prior_corrupt_2d': {'apply_prob': 0.0, 'geo_apply_prob': 0.75, 'pf_apply_prob': 0.6, 'geo_bias_std': 1.5, 'geo_ramp_std': 3.0, 'geo_smooth_noise_std': 2.5, 'geo_smooth_window_choices': (9, 17, 33), 'geo_jump_prob': 0.05, 'geo_jump_std': 4.0, 'geo_max_abs_shift': 12.0, 'pf_path_noise_std': 1.5, 'pf_path_smooth_window_choices': (5, 11, 23), 'pf_path_max_abs_shift': 8.0, 'pf_temperature_range': (0.85, 1.35), 'pf_row_dropout_prob': 0.02, 'pf_wrong_mode_prob': 0.04, 'pf_wrong_mode_shift_range': (6.0, 14.0), 'geo_pf_disagreement_prob': 0.0, 'corrupt_metric_channels': False}, 'seq_mask': {'apply_prob': 0.1, 'mask_ratio': 0.3}, 'hflip': {'apply_prob': 0.0}, 'typewell_gr_jitter': {'apply_prob': 0.2, 'mode_weights': {'coherent_residual_copy': 1.0, 'reference_only': 0.0}, 'offset_std': 2.0, 'gain_std': 0.04, 'gain_clip': (0.9, 1.1), 'drift_std': 1.5, 'drift_window_ft_choices': (15.0, 30.0, 60.0), 'smooth_prob': 0.1, 'smooth_window_choices': (5, 11, 21), 'smooth_blend_range': (0.1, 0.35)}, 'GR_trf': {'apply_prob': 0.6, 'p_std': 0.0, 'a_std': 0.05, 'a_keep_mean': False, 'b_std': 2.0, 'ab_window': None, 'center_mirror_prob': 0.0, 'smooth_apply_prob': 0.1, 'sharpen_apply_prob': 0.1, 'smooth_window': 5, 'sharpen_alpha_range': (0.0, 0.3)}, 'typewell_drift': {'apply_prob': 0.3, 'shift_std': 1.0}}
[2026-09-21 11:14:46] target mode: unet, stats=(1.591691, 15.853182)
[2026-09-21 11:14:46] pred_sg_smooth: enabled=True, window=577, polyorder=1, blend=0.726196
[2026-09-21 11:14:46] geo prior: {'method': 'idw_dS_xy_wls', 'neighbor_wells': 12, 'point_neighbors': 112, 'idw_power': 2.0, 'point_neighbor_metric': 'anisotropic', 'anisotropy_angle_deg': 50.0, 'anisotropy_ratio': 1.3, 'train_bin_size': 64, 'query_bin_size': 32, 'query_upsample_mode': 'linear', 'prefix_bin_size': 32, 'prefix_support_rows': 512, 'clip_ds_xy': 0.0, 'filter_ds_thr': 0.15, 'wls_normalize_dxy': True, 'wls_ridge_frac': 0.01, 'wls_min_eig_ratio': 0.05, 'wls_max_grad': 0.25, 'wls_robust_mode': 'tukey', 'wls_robust_scale': 0.1, 'wls_robust_iters': 1, 'max_train_points': 12000, 'support_region': 'suffix', 'distance_eps': 1e-06}
[2026-09-21 11:14:46] model: unet, cfg={'unet_arch': 'convnext_small', 'unet_pretrained': None, 'unet_timm_model_name': 'fastvit_sa12.apple_dist_in1k', 'drop_path_rate': 0.0, 'unet_stem_stride': (2, 4), 'unet_stem_down_mode': 'pool', 'unet_convnext_norm_replace': 'BN', 'unet_convnext_bn_eps': 0.0001, 'unet_convnext_bn_momentum': 0.1, 'unet_convnext_bn_track_running_stats': True, 'unet_emb_dim': 32, 'unet_mults': (1, 2, 4, 4), 'unet_stacks': 1, 'res_kernel_size': 3, 'resblock_act': 'silu', 'resblock_norm': 'BN', 'unet_dropout': 0.0, 'head_hidden_mult': 2, 'updown_mode_2d': 'non-param', 'regression_head_mode': 'logits', 'share_logits_head': True, 'offset_detach_logits_head_in_loss': False, 'unet_channel_mask_prob': 0.0, 'unet_channel_mask_all_prob': 0.0, 'unet_channel_mask_value': 0.0, 'deep_sup': False, 'deep_sup_stage_decay': 0.5}
[2026-09-21 11:14:46] U-Net static channels: ('tw_gr', 'gr', 'gr_abs_diff', 'gr_isnan_rate', 'gr_std', 'gr_first_last_delta', 'gr_slope', 'gr_quadratic_a', 'gr_quadratic_b', 'gr_quadratic_c', 'gr_quadratic_rmse', 'tw_gr_is_nan', 'tw_tvt_rel', 'seen_tvt_rel', 'tw_seen_tvt_abs_diff', 'geo_tvt_diff')
[2026-09-21 11:14:46] EMA: enabled=True, decay=0.9900
[2026-09-21 11:14:46] holdout mode: train_frac=0.8
[2026-09-21 11:14:46] train wells: 618 (000d7d20 .. d011f41b)
[2026-09-21 11:14:46] holdout wells: 155 (d07aed8f .. ffefef30)
[2026-09-21 11:14:46] saved holdout split: C:\Users\sudha\OneDrive\Documents\GitHub\Erudition\kaggle_1st_place\solution\results\cnx_fastvit_kd_ep150\holdout_split.csv
[2026-09-21 11:14:46] saved cfg pickle: C:\Users\sudha\OneDrive\Documents\GitHub\Erudition\kaggle_1st_place\solution\results\cnx_fastvit_kd_ep150\cfg.pkl

######## model training #######
[2026-09-21 11:14:46] holdout split: train_wells=618, holdout_wells=155, repeats=1
[2026-09-21 11:14:46] fold0: training wells=618, validation wells=155
[2026-09-21 11:15:05] fold0: geo_prior idw_dS_xy_wls train_rmse=12.4144 val_rmse=11.5716 elapsed=8.84s
[2026-09-21 11:15:16] distillation: teacher from results\cnx_tiny_ep150\models.pkl (31.9M params, frozen), weight=1, temperature=2
[2026-09-21 11:15:16] fold0: EMA enabled decay=0.9900
[2026-09-21 11:17:01] fold0 epoch 1: train_loss=5.652265 (regression:0.4289,alignment:4.9511,GR_penalty:0.7813), val_rmse_raw=15.1731, lr=2.00e-04
[2026-09-21 11:21:09] fold0 epoch 5: train_loss=2.408738 (regression:0.1645,alignment:3.9275,GR_penalty:0.4454), val_rmse_raw=14.7079, lr=1.99e-04
[2026-09-21 11:26:37] fold0 epoch 10: train_loss=1.479261 (regression:0.1037,alignment:3.6161,GR_penalty:0.3944), val_rmse_raw=10.4540, lr=1.98e-04
[2026-09-21 11:32:06] fold0 epoch 15: train_loss=1.106608 (regression:0.0781,alignment:3.4000,GR_penalty:0.4008), val_rmse_raw=7.1349, lr=1.95e-04
[2026-09-21 11:37:39] fold0 epoch 20: train_loss=0.875474 (regression:0.0652,alignment:3.2996,GR_penalty:0.3937), val_rmse_raw=6.6644, lr=1.91e-04
[2026-09-21 11:43:09] fold0 epoch 25: train_loss=0.803451 (regression:0.0565,alignment:3.2751,GR_penalty:0.3732), val_rmse_raw=6.8035, lr=1.87e-04
[2026-09-21 11:48:40] fold0 epoch 30: train_loss=0.801430 (regression:0.0597,alignment:3.2911,GR_penalty:0.3963), val_rmse_raw=6.6672, lr=1.81e-04
[2026-09-21 11:54:10] fold0 epoch 35: train_loss=0.728930 (regression:0.0606,alignment:3.2756,GR_penalty:0.4035), val_rmse_raw=5.9883, lr=1.74e-04
[2026-09-21 11:59:41] fold0 epoch 40: train_loss=0.656597 (regression:0.0506,alignment:3.1749,GR_penalty:0.3886), val_rmse_raw=5.6751, lr=1.67e-04
[2026-09-21 12:05:12] fold0 epoch 45: train_loss=0.649449 (regression:0.0496,alignment:3.1886,GR_penalty:0.3725), val_rmse_raw=5.6564, lr=1.59e-04
[2026-09-21 12:10:40] fold0 epoch 50: train_loss=0.607472 (regression:0.0502,alignment:3.1667,GR_penalty:0.3664), val_rmse_raw=5.2355, lr=1.50e-04
[2026-09-21 12:16:10] fold0 epoch 55: train_loss=0.594328 (regression:0.0477,alignment:3.1509,GR_penalty:0.3802), val_rmse_raw=5.4967, lr=1.41e-04
[2026-09-21 12:21:37] fold0 epoch 60: train_loss=0.544432 (regression:0.0480,alignment:3.1284,GR_penalty:0.3846), val_rmse_raw=5.2311, lr=1.31e-04
[2026-09-21 12:26:58] fold0 epoch 65: train_loss=0.529681 (regression:0.0429,alignment:3.1145,GR_penalty:0.3614), val_rmse_raw=5.2749, lr=1.21e-04
[2026-09-21 12:32:01] fold0 epoch 70: train_loss=0.512938 (regression:0.0419,alignment:3.1289,GR_penalty:0.3694), val_rmse_raw=5.3178, lr=1.11e-04
[2026-09-21 12:37:05] fold0 epoch 75: train_loss=0.490204 (regression:0.0441,alignment:3.0973,GR_penalty:0.4018), val_rmse_raw=5.2055, lr=1.00e-04
[2026-09-21 12:42:08] fold0 epoch 80: train_loss=0.480120 (regression:0.0421,alignment:3.0976,GR_penalty:0.3720), val_rmse_raw=5.1476, lr=8.98e-05
[2026-09-21 12:47:19] fold0 epoch 85: train_loss=0.484351 (regression:0.0495,alignment:3.1048,GR_penalty:0.3836), val_rmse_raw=5.2123, lr=7.95e-05
[2026-09-21 12:52:28] fold0 epoch 90: train_loss=0.447706 (regression:0.0356,alignment:3.0651,GR_penalty:0.3625), val_rmse_raw=5.0694, lr=6.94e-05
[2026-09-21 12:57:51] fold0 epoch 95: train_loss=0.461645 (regression:0.0482,alignment:3.1017,GR_penalty:0.3763), val_rmse_raw=5.0216, lr=5.97e-05
[2026-09-21 13:03:32] fold0 epoch 100: train_loss=0.421745 (regression:0.0290,alignment:3.0390,GR_penalty:0.3685), val_rmse_raw=4.9665, lr=5.04e-05
[2026-09-21 13:09:03] fold0 epoch 105: train_loss=0.402116 (regression:0.0305,alignment:3.0440,GR_penalty:0.3568), val_rmse_raw=4.9592, lr=4.16e-05
[2026-09-21 13:14:42] fold0 epoch 110: train_loss=0.421961 (regression:0.0414,alignment:3.0869,GR_penalty:0.3667), val_rmse_raw=5.1171, lr=3.35e-05
[2026-09-21 13:20:01] fold0 epoch 115: train_loss=0.399444 (regression:0.0286,alignment:3.0401,GR_penalty:0.3735), val_rmse_raw=5.2138, lr=2.61e-05
[2026-09-21 13:25:09] fold0 epoch 120: train_loss=0.398941 (regression:0.0341,alignment:3.0441,GR_penalty:0.3928), val_rmse_raw=5.1990, lr=1.96e-05
[2026-09-21 13:30:27] fold0 epoch 125: train_loss=0.390851 (regression:0.0328,alignment:3.0611,GR_penalty:0.3850), val_rmse_raw=5.1406, lr=1.39e-05
[2026-09-21 13:35:43] fold0 epoch 130: train_loss=0.382947 (regression:0.0358,alignment:3.0451,GR_penalty:0.3626), val_rmse_raw=5.1552, lr=9.12e-06
[2026-09-21 13:40:56] fold0 epoch 135: train_loss=0.394034 (regression:0.0377,alignment:3.0552,GR_penalty:0.3861), val_rmse_raw=5.1231, lr=5.38e-06
[2026-09-21 13:46:10] fold0 epoch 140: train_loss=0.376061 (regression:0.0310,alignment:3.0136,GR_penalty:0.3812), val_rmse_raw=5.1110, lr=2.68e-06
[2026-09-21 13:51:28] fold0 epoch 145: train_loss=0.386071 (regression:0.0402,alignment:3.0774,GR_penalty:0.3990), val_rmse_raw=5.1049, lr=1.05e-06
[2026-09-21 13:57:01] fold0 epoch 150: train_loss=0.390261 (regression:0.0385,alignment:3.0624,GR_penalty:0.3649), val_rmse_raw=5.1191, lr=5.00e-07
[2026-09-21 13:57:06] fold0: best_epoch=105, best_rmse=4.9592, final_rmse=4.9292, raw_rmse=4.9592, well_rmse=mean=3.8832, q50=3.0278, q75=4.8719, q95=9.5186, q99=14.1257, mean_lt_q95=3.4056, raw_well_rmse=mean=3.9174, q50=3.0545, q75=4.8988, q95=9.5717, q99=14.1579, mean_lt_q95=3.4406
[2026-09-21 13:57:11] fold0: CUDA cleanup allocated=0.06->0.06 GiB, reserved=2.72->0.06 GiB
[2026-09-21 13:57:11] OOF RMSE: 4.9292 | FOLD RMSE: 4.9292 (mean:4.9292 +- std:0.0000)
[2026-09-21 13:57:11] OOF raw RMSE: 4.9592 | RAW FOLD RMSE: 4.9592 (mean:4.9592 +- std:0.0000)
[2026-09-21 13:57:11] OOF well_rmse: mean=3.8832, q50=3.0278, q75=4.8719, q95=9.5186, q99=14.1257, mean_lt_q95=3.4056
[2026-09-21 13:57:11] OOF raw well_rmse: mean=3.9174, q50=3.0545, q75=4.8988, q95=9.5717, q99=14.1579, mean_lt_q95=3.4406
[2026-09-21 13:57:11] KFold train-phase avg RMSE best_epoch=105, best_avg_rmse=4.9592, folds=1
[2026-09-21 13:57:12] OOF sample150 RMSE: sample_wells=150, sample_count=10000, seed=20260622, mean=4.9279, q10=4.8319, q25=4.9027, q50=4.9469, q75=4.9727, q90=4.9866
[2026-09-21 13:57:12] OOF raw sample150 RMSE: sample_wells=150, sample_count=10000, seed=20260622, mean=4.9579, q10=4.8625, q25=4.9324, q50=4.9768, q75=5.0028, q90=5.0166

######## save models #######
[2026-09-21 13:57:12] saved models pickle: C:\Users\sudha\OneDrive\Documents\GitHub\Erudition\kaggle_1st_place\solution\results\cnx_fastvit_kd_ep150\models.pkl

######## holdout scoring #######
[2026-09-21 13:57:13] saved holdout predictions: C:\Users\sudha\OneDrive\Documents\GitHub\Erudition\kaggle_1st_place\solution\results\cnx_fastvit_kd_ep150\holdout_predictions.pqt
[2026-09-21 13:57:13] saved holdout metrics: C:\Users\sudha\OneDrive\Documents\GitHub\Erudition\kaggle_1st_place\solution\results\cnx_fastvit_kd_ep150\holdout_metrics.json
[2026-09-21 13:57:13] 
[2026-09-21 13:57:13] HOLDOUT POOLED RMSE: 4.9292 ft over 754,122 suffix rows from 155 wells
[2026-09-21 13:57:13] HOLDOUT POOLED RMSE (pre-SG-smoothing): 4.9592 ft
[2026-09-21 13:57:13]   baseline pooled_rmse_geo_prior_baseline: 11.5716 ft
[2026-09-21 13:57:13] HOLDOUT per-well RMSE: mean=3.8832, q50=3.0278, q75=4.8719, q95=9.5186, q99=14.1257, mean_lt_q95=3.4056
[2026-09-21 13:57:13] saved print log: C:\Users\sudha\OneDrive\Documents\GitHub\Erudition\kaggle_1st_place\solution\results\cnx_fastvit_kd_ep150\seq_nn.log
