
######## setup #######
[2026-09-18 14:48:38] output directory: C:\Users\sudha\OneDrive\Documents\GitHub\Erudition\kaggle_1st_place\solution\results\cnx_tiny_ep150
[2026-09-18 14:48:38] train path: C:\Users\sudha\OneDrive\Documents\GitHub\Erudition\kaggle_1st_place\solution\data\train
[2026-09-18 14:48:38] device: cuda
[2026-09-18 14:48:38] well limit: None
[2026-09-18 14:48:38] train wells: 773
[2026-09-18 14:48:38] raw/downsample/bins: 11024/32/345, typewell_len=400, tw_gr_grid_type=interpolate
[2026-09-18 14:48:38] batch size: train=4, val=4, grad_accum_steps=4, train_drop_last=True, epochs=150, folds=1, log_freq=5, workers=4, persistent_workers=True, prefetch_factor=1, pin_memory=True
[2026-09-18 14:48:38] CV split: mode=holdout, geo_map_path=C:\Users\sudha\OneDrive\Documents\GitHub\Erudition\kaggle_1st_place\solution\data\train_png_typewell_map.csv, kmeans_clusters=20, kmeans_seed=0, seed=7
[2026-09-18 14:48:38] optimizer: {'optimizer': 'adamw', 'lr': 0.0002, 'min_lr': 5e-07, 'weight_decay': 0.02, 'scheduler': 'cos', 'constant_ratio': 0.0, 'layer_wise_lr': False, 'layer_decay': 0.8}, betas=(0.9, 0.999), eps=1e-08, finetune_epochs=None, finetune_log_freq=1, finetune_lr_reduce=0.3, finetune_disabled_augs=['z_shift']
[2026-09-18 14:48:38] loss: unet weighted_huber_ce weights={'regression': 0.016666666666666666, 'offset': 0.0, 'alignment': 0.06666666666666667, 'CDF': 0.0, 'GR_penalty': 0.016666666666666666, 'dS_penalty': 0.0, 'unet_GR_RMSE': 0.0}, alignment_target=exp_smooth, sigma=1.25, tvt_diff_clip=100, model_down_weight=0 wells=0, min_seq_weight=1, seq_noise_weight=False, seq_noise_smooth=3, seq_noise_power=1, gr_corr_weight=False, gr_corr_weight_p=1, gr_corr_weight_smooth_window=5, gr_corr_weight_smooth_factor=0.5
[2026-09-18 14:48:38] simulation: sim_cfg={'keep_ori_path': {'apply_prob': 0.0}, 'z_shift': {'apply_prob': 0.85, 'S_jump_thr': 0.15, 'prefix_sample_len': None, 'safe_range_guard': False, 'safe_range_guard_resample': 5, 'sample_model': 'diff_block_bootstrap', 'sample_from_same_well': False, 'rule_apply_prob': 1.0, 'rule_reverse_prob': 0.5, 'rule_clip_prob': 0.5, 'rule_clip_min_len': 3000, 'rule_stretch_range': (0.9, 1.1), 'rule_scale_range': (0.9, 1.1), 'diff_block_lengths': (1024, 2048, 4096), 'diff_block_weights': (0.45, 0.4, 0.15), 'diff_block_join_width': 16, 'diff_block_reverse_prob': 0.0, 'diff_block_candidate_count': 1, 'pf_sample_sg_window': 127, 'pf_sample_sg_polyorder': 2, 'z_shift_range': 40, 'drift_ratio': 0.0, 'fault_ratio': 0.05, 'fault_max_num': 3, 'fault_std': 1.75, 'noise_mode': {'TVT_bias_v2': 1.0}, 'nan_mode': {'shift': 1.0}, 'TVT_bias_std': 0.95, 'TVT_bias_window': 1280, 'TVT_bias_v2_tvt_std': 0.95, 'TVT_bias_v2_windows': (1536, 256, 2), 'TVT_bias_v2_weights': (0.68, 0.2, 0.12), 'TVT_bias_v2_gr_std_ranges': ((5.6, 8.4), (8.4, 12.2), (12.2, 17.5)), 'TVT_bias_v2_gr_std_weights': (0.24, 0.51, 0.25), 'TVT_bias_v2_scale_mode': 'std', 'TVT_bias_v2_gr_offset_std': 2.0, 'TVT_bias_v2_clip_abs': 36.0, 'TVT_bias_v3_tvt_std_range': (0.14, 0.34), 'TVT_bias_v3_windows': (3072, 768, 96), 'TVT_bias_v3_weights': (0.55, 0.3, 0.15), 'TVT_bias_v3_step_prob': 0.1, 'TVT_bias_v3_step_abs_range': (3.0, 7.0), 'TVT_bias_v3_step_start_range': (0.25, 0.8), 'TVT_bias_v3_step_transition_rows': 192, 'TVT_bias_v3_max_abs_tvt': 9.0, 'TVT_bias_v3_response_power': 0.9308, 'TVT_bias_v3_response_weight': 0.5, 'TVT_bias_v3_mean_offset': 0.03, 'TVT_bias_v3_residual_std_range': (6.75, 8.75), 'TVT_bias_v3_residual_windows': (2048, 1024, 256, 40, 5, 2), 'TVT_bias_v3_residual_weights': (0.03, 0.05, 0.15, 0.35, 0.15, 0.15, 0.1), 'TVT_bias_v3_residual_tail_df': 6.0, 'TVT_bias_v3_boundary_window': 16, 'TVT_bias_v3_boundary_decay_rows': 32.0, 'TVT_bias_v3_random_ramp_rows': 2.0, 'TVT_bias_v3_boundary_persist': 0.0, 'TVT_bias_v3_offset_std': 1.2, 'TVT_bias_v3_clip_abs': 45.0, 'mixed_V1_tvt_weight': 0.4, 'mixed_V1_target_std': 10.7, 'mixed_V1_offset_std': 1.1, 'mixed_V1_windows': (320, 96, 24), 'mixed_V1_weights': (0.45, 0.25, 0.22, 0.08), 'mixed_V1_tail_df': 6.0, 'mixed_V1_clip_abs': 45.0, 'mixed_V1_slope_clip_ref': 0.0, 'mixed_V1_slope_clip_power': 1.0, 'mixed_V1_slope_smooth_window': 9, 'conditional_GR_bins': 28, 'conditional_GR_min_count': 512, 'conditional_GR_mean_shrink': 0.45, 'conditional_GR_scale_blend': 0.85, 'conditional_GR_windows': (1024, 256, 32), 'conditional_GR_weights': (0.48, 0.25, 0.2, 0.07), 'conditional_GR_tail_df': 6.0, 'conditional_GR_texture_weight': 0.25, 'conditional_GR_tvt_std': 0.75, 'conditional_GR_offset_std': 1.2, 'conditional_GR_std_ranges': ((5.6, 8.4), (8.4, 12.2), (12.2, 17.5)), 'conditional_GR_std_weights': (0.24, 0.51, 0.25), 'conditional_GR_clip_abs': 45.0, 'decomposed_GR_mean_mode': 'power', 'decomposed_GR_power': 0.9308, 'decomposed_GR_mean_shrink': 0.7, 'decomposed_GR_scale_blend': 0.55, 'decomposed_GR_random_windows': (256, 64, 8), 'decomposed_GR_random_weights': (0.34, 0.28, 0.22, 0.16), 'decomposed_GR_tail_df': 6.0, 'decomposed_GR_tvt_weight': 0.26, 'decomposed_GR_tvt_base_std': 0.26, 'decomposed_GR_tvt_base_windows': (512, 96, 8), 'decomposed_GR_tvt_base_weights': (0.5, 0.32, 0.18), 'decomposed_GR_tvt_event_prob': 0.5, 'decomposed_GR_tvt_event_max': 3, 'decomposed_GR_tvt_event_min_len': 24, 'decomposed_GR_tvt_event_max_len': 160, 'decomposed_GR_tvt_event_std': 1.25, 'decomposed_GR_tvt_event_smooth': 9, 'decomposed_GR_target_rmse': 10.7, 'decomposed_GR_offset_std': 0.9, 'decomposed_GR_std_ranges': ((5.6, 8.4), (8.4, 12.2), (12.2, 17.5)), 'decomposed_GR_std_weights': (0.24, 0.51, 0.25), 'decomposed_GR_clip_abs': 45.0, 'real_block_len': 512, 'real_block_alpha_range': (0.65, 0.9), 'real_block_scale_clip': (0.6, 1.6), 'structured_alpha_range': (0.25, 0.65), 'structured_windows': (160, 64, 16), 'structured_weights': (0.5, 0.18, 0.25, 0.07), 'structured_scale_clip': (0.6, 1.6), 'structured_clip_abs': 45.0}, 'xy_shift': {'apply_prob': 0.0, 'ddS_jump_thr': 0.005, 'min_window': 10, 'shift_bound': 10, 'a_bound': 0.06, 'b_bound': 0.08}, 'typewell_mirror': {'apply_prob': 0.0, 'skip_out_of_typewell': True}, 'switch_typewell': {'apply_prob': 0.0, 'noise_mode': 'TVT_bias', 'same_nan': True, 'TVT_bias_std': 0.95, 'TVT_bias_window': 1280}, 'reskin': {'apply_prob': 0.0, 'noise_mode': 'copy', 'same_nan': True, 'quantile_jitter': 0.1, 'max_attempts': 8, 'crop_margin_ft': None, 'grid_step_ft': 1.0, 'min_overlap_ft': 100.0, 'corr_threshold': 0.9, 'min_band_wells': 3, 'min_band_ft': 20.0}}
[2026-09-18 14:48:38] augmentation: aug_cfg={'reverse_path': {'apply_prob': 0.25, 'head_TVT_bound': 10, 'sim_head_range': 256}, 'start_point_shift': {'apply_prob': 0.0, 'left_bound': 0.0, 'right_bound': 2000, 'max_ratio': 0.3}, 'GR_noise_shift': {'apply_prob': 0.0, 'shift_range_ratio': 1.0, 'noise_mode': 'copy', 'TVT_bias_std': 0.95, 'TVT_bias_window': 1280}, 'horizontal_gr_blur': {'apply_prob': 0.0, 'flat_region_max_ratio': 0.5}, 'MD_streching': {'apply_prob': 0.4, 'strech_ratio': (0.7, 1.3), 'apply_to_MD': True}, 'tail_cut': {'apply_prob': 0.2, 'max_cut_ratio': 0.5}, 'channel_mask_2d': {'apply_prob': 0.7, 'mask_prob': 0.1, 'PF_mask_prob': 0.05}, 'PF_rotate_shift': {'apply_prob': 0.1, 'ratio_jitter': 0.25, 'max_abs_shift': 20.0, 'shift_mode': 'absolute', 'center_mode': 'first_valid', 'k_clip': 0.0, 'min_fit_denom': 1e-06}, 'prior_corrupt_2d': {'apply_prob': 0.0, 'geo_apply_prob': 0.75, 'pf_apply_prob': 0.6, 'geo_bias_std': 1.5, 'geo_ramp_std': 3.0, 'geo_smooth_noise_std': 2.5, 'geo_smooth_window_choices': (9, 17, 33), 'geo_jump_prob': 0.05, 'geo_jump_std': 4.0, 'geo_max_abs_shift': 12.0, 'pf_path_noise_std': 1.5, 'pf_path_smooth_window_choices': (5, 11, 23), 'pf_path_max_abs_shift': 8.0, 'pf_temperature_range': (0.85, 1.35), 'pf_row_dropout_prob': 0.02, 'pf_wrong_mode_prob': 0.04, 'pf_wrong_mode_shift_range': (6.0, 14.0), 'geo_pf_disagreement_prob': 0.0, 'corrupt_metric_channels': False}, 'seq_mask': {'apply_prob': 0.1, 'mask_ratio': 0.3}, 'hflip': {'apply_prob': 0.0}, 'typewell_gr_jitter': {'apply_prob': 0.2, 'mode_weights': {'coherent_residual_copy': 1.0, 'reference_only': 0.0}, 'offset_std': 2.0, 'gain_std': 0.04, 'gain_clip': (0.9, 1.1), 'drift_std': 1.5, 'drift_window_ft_choices': (15.0, 30.0, 60.0), 'smooth_prob': 0.1, 'smooth_window_choices': (5, 11, 21), 'smooth_blend_range': (0.1, 0.35)}, 'GR_trf': {'apply_prob': 0.6, 'p_std': 0.0, 'a_std': 0.05, 'a_keep_mean': False, 'b_std': 2.0, 'ab_window': None, 'center_mirror_prob': 0.0, 'smooth_apply_prob': 0.1, 'sharpen_apply_prob': 0.1, 'smooth_window': 5, 'sharpen_alpha_range': (0.0, 0.3)}, 'typewell_drift': {'apply_prob': 0.3, 'shift_std': 1.0}}
[2026-09-18 14:48:38] target mode: unet, stats=(1.591691, 15.853182)
[2026-09-18 14:48:38] pred_sg_smooth: enabled=True, window=577, polyorder=1, blend=0.726196
[2026-09-18 14:48:38] geo prior: {'method': 'idw_dS_xy_wls', 'neighbor_wells': 12, 'point_neighbors': 112, 'idw_power': 2.0, 'point_neighbor_metric': 'anisotropic', 'anisotropy_angle_deg': 50.0, 'anisotropy_ratio': 1.3, 'train_bin_size': 64, 'query_bin_size': 32, 'query_upsample_mode': 'linear', 'prefix_bin_size': 32, 'prefix_support_rows': 512, 'clip_ds_xy': 0.0, 'filter_ds_thr': 0.15, 'wls_normalize_dxy': True, 'wls_ridge_frac': 0.01, 'wls_min_eig_ratio': 0.05, 'wls_max_grad': 0.25, 'wls_robust_mode': 'tukey', 'wls_robust_scale': 0.1, 'wls_robust_iters': 1, 'max_train_points': 12000, 'support_region': 'suffix', 'distance_eps': 1e-06}
[2026-09-18 14:48:38] model: unet, cfg={'unet_arch': 'convnext_small', 'unet_pretrained': None, 'unet_timm_model_name': 'convnext_tiny.in12k_ft_in1k_384', 'drop_path_rate': 0.0, 'unet_stem_stride': (2, 4), 'unet_stem_down_mode': 'pool', 'unet_convnext_norm_replace': 'BN', 'unet_convnext_bn_eps': 0.0001, 'unet_convnext_bn_momentum': 0.1, 'unet_convnext_bn_track_running_stats': True, 'unet_emb_dim': 32, 'unet_mults': (1, 2, 4, 4), 'unet_stacks': 1, 'res_kernel_size': 3, 'resblock_act': 'silu', 'resblock_norm': 'BN', 'unet_dropout': 0.0, 'head_hidden_mult': 2, 'updown_mode_2d': 'non-param', 'regression_head_mode': 'logits', 'share_logits_head': True, 'offset_detach_logits_head_in_loss': False, 'unet_channel_mask_prob': 0.0, 'unet_channel_mask_all_prob': 0.0, 'unet_channel_mask_value': 0.0, 'deep_sup': False, 'deep_sup_stage_decay': 0.5}
[2026-09-18 14:48:38] U-Net static channels: ('tw_gr', 'gr', 'gr_abs_diff', 'gr_isnan_rate', 'gr_std', 'gr_first_last_delta', 'gr_slope', 'gr_quadratic_a', 'gr_quadratic_b', 'gr_quadratic_c', 'gr_quadratic_rmse', 'tw_gr_is_nan', 'tw_tvt_rel', 'seen_tvt_rel', 'tw_seen_tvt_abs_diff', 'geo_tvt_diff')
[2026-09-18 14:48:38] EMA: enabled=True, decay=0.9900
[2026-09-18 14:48:38] holdout mode: train_frac=0.8
[2026-09-18 14:48:38] train wells: 618 (000d7d20 .. d011f41b)
[2026-09-18 14:48:38] holdout wells: 155 (d07aed8f .. ffefef30)
[2026-09-18 14:48:38] saved holdout split: C:\Users\sudha\OneDrive\Documents\GitHub\Erudition\kaggle_1st_place\solution\results\cnx_tiny_ep150\holdout_split.csv
[2026-09-18 14:48:38] saved cfg pickle: C:\Users\sudha\OneDrive\Documents\GitHub\Erudition\kaggle_1st_place\solution\results\cnx_tiny_ep150\cfg.pkl

######## model training #######
[2026-09-18 14:48:38] holdout split: train_wells=618, holdout_wells=155, repeats=1
[2026-09-18 14:48:38] fold0: training wells=618, validation wells=155
[2026-09-18 14:48:58] fold0: geo_prior idw_dS_xy_wls train_rmse=12.4144 val_rmse=11.5716 elapsed=9.08s
[2026-09-18 14:49:09] fold0: EMA enabled decay=0.9900
[2026-09-18 14:51:03] fold0 epoch 1: train_loss=0.330394 (regression:0.3851,alignment:4.6930,GR_penalty:0.6667), val_rmse_raw=14.8387, lr=2.00e-04
[2026-09-18 14:56:11] fold0 epoch 5: train_loss=0.257962 (regression:0.1369,alignment:3.7282,GR_penalty:0.4278), val_rmse_raw=14.1970, lr=1.99e-04
[2026-09-18 15:02:35] fold0 epoch 10: train_loss=0.243489 (regression:0.1050,alignment:3.5316,GR_penalty:0.3779), val_rmse_raw=12.8675, lr=1.98e-04
[2026-09-18 15:08:58] fold0 epoch 15: train_loss=0.235668 (regression:0.0925,alignment:3.4144,GR_penalty:0.3899), val_rmse_raw=9.0849, lr=1.95e-04
[2026-09-18 15:15:29] fold0 epoch 20: train_loss=0.227580 (regression:0.0670,alignment:3.3018,GR_penalty:0.3805), val_rmse_raw=6.8060, lr=1.91e-04
[2026-09-18 15:22:03] fold0 epoch 25: train_loss=0.228170 (regression:0.0761,alignment:3.3084,GR_penalty:0.3806), val_rmse_raw=6.0403, lr=1.87e-04
[2026-09-18 15:28:21] fold0 epoch 30: train_loss=0.227792 (regression:0.0682,alignment:3.3017,GR_penalty:0.3926), val_rmse_raw=6.2574, lr=1.81e-04
[2026-09-18 15:34:39] fold0 epoch 35: train_loss=0.227485 (regression:0.0693,alignment:3.2965,GR_penalty:0.3940), val_rmse_raw=5.5397, lr=1.74e-04
[2026-09-18 15:40:57] fold0 epoch 40: train_loss=0.220391 (regression:0.0508,alignment:3.1966,GR_penalty:0.3865), val_rmse_raw=5.7275, lr=1.67e-04
[2026-09-18 15:47:15] fold0 epoch 45: train_loss=0.220418 (regression:0.0538,alignment:3.1990,GR_penalty:0.3754), val_rmse_raw=5.6167, lr=1.59e-04
[2026-09-18 15:53:34] fold0 epoch 50: train_loss=0.219073 (regression:0.0558,alignment:3.1791,GR_penalty:0.3723), val_rmse_raw=5.3683, lr=1.50e-04
[2026-09-18 15:59:52] fold0 epoch 55: train_loss=0.218020 (regression:0.0480,alignment:3.1634,GR_penalty:0.3797), val_rmse_raw=5.3990, lr=1.41e-04
[2026-09-18 16:06:10] fold0 epoch 60: train_loss=0.217954 (regression:0.0540,alignment:3.1598,GR_penalty:0.3839), val_rmse_raw=5.5501, lr=1.31e-04
[2026-09-18 16:12:34] fold0 epoch 65: train_loss=0.214973 (regression:0.0446,alignment:3.1230,GR_penalty:0.3617), val_rmse_raw=5.6071, lr=1.21e-04
[2026-09-18 16:18:56] fold0 epoch 70: train_loss=0.215766 (regression:0.0520,alignment:3.1317,GR_penalty:0.3672), val_rmse_raw=5.1450, lr=1.11e-04
[2026-09-18 16:25:15] fold0 epoch 75: train_loss=0.214365 (regression:0.0480,alignment:3.1052,GR_penalty:0.3930), val_rmse_raw=5.1209, lr=1.00e-04
[2026-09-18 16:31:33] fold0 epoch 80: train_loss=0.212197 (regression:0.0412,alignment:3.0811,GR_penalty:0.3661), val_rmse_raw=5.0899, lr=8.98e-05
[2026-09-18 16:37:52] fold0 epoch 85: train_loss=0.212752 (regression:0.0421,alignment:3.0835,GR_penalty:0.3889), val_rmse_raw=5.1062, lr=7.95e-05
[2026-09-18 16:44:10] fold0 epoch 90: train_loss=0.209409 (regression:0.0335,alignment:3.0423,GR_penalty:0.3618), val_rmse_raw=5.2451, lr=6.94e-05
[2026-09-18 16:50:32] fold0 epoch 95: train_loss=0.211611 (regression:0.0464,alignment:3.0697,GR_penalty:0.3713), val_rmse_raw=5.1784, lr=5.97e-05
[2026-09-18 16:56:50] fold0 epoch 100: train_loss=0.207297 (regression:0.0285,alignment:3.0105,GR_penalty:0.3673), val_rmse_raw=5.0359, lr=5.04e-05
[2026-09-18 17:03:08] fold0 epoch 105: train_loss=0.208823 (regression:0.0348,alignment:3.0342,GR_penalty:0.3579), val_rmse_raw=5.1427, lr=4.16e-05
[2026-09-18 17:09:26] fold0 epoch 110: train_loss=0.208002 (regression:0.0343,alignment:3.0207,GR_penalty:0.3632), val_rmse_raw=4.9457, lr=3.35e-05
[2026-09-18 17:15:48] fold0 epoch 115: train_loss=0.205753 (regression:0.0249,alignment:2.9879,GR_penalty:0.3687), val_rmse_raw=5.0543, lr=2.61e-05
[2026-09-18 17:22:12] fold0 epoch 120: train_loss=0.206204 (regression:0.0278,alignment:2.9895,GR_penalty:0.3863), val_rmse_raw=5.0930, lr=1.96e-05
[2026-09-18 17:28:37] fold0 epoch 125: train_loss=0.207600 (regression:0.0303,alignment:3.0101,GR_penalty:0.3854), val_rmse_raw=5.0182, lr=1.39e-05
[2026-09-18 17:35:00] fold0 epoch 130: train_loss=0.205078 (regression:0.0304,alignment:2.9796,GR_penalty:0.3560), val_rmse_raw=5.1508, lr=9.12e-06
[2026-09-18 17:41:18] fold0 epoch 135: train_loss=0.206179 (regression:0.0290,alignment:2.9897,GR_penalty:0.3830), val_rmse_raw=5.1464, lr=5.38e-06
[2026-09-18 17:47:52] fold0 epoch 140: train_loss=0.203606 (regression:0.0267,alignment:2.9527,GR_penalty:0.3789), val_rmse_raw=5.1416, lr=2.68e-06
[2026-09-18 17:54:37] fold0 epoch 145: train_loss=0.207634 (regression:0.0308,alignment:3.0101,GR_penalty:0.3867), val_rmse_raw=5.1470, lr=1.05e-06
[2026-09-18 18:01:40] fold0 epoch 150: train_loss=0.206385 (regression:0.0307,alignment:2.9970,GR_penalty:0.3643), val_rmse_raw=5.1435, lr=5.00e-07
[2026-09-18 18:01:46] fold0: best_epoch=110, best_rmse=4.9457, final_rmse=4.9044, raw_rmse=4.9457, well_rmse=mean=3.8643, q50=2.7577, q75=5.4087, q95=9.9358, q99=12.1910, mean_lt_q95=3.4051, raw_well_rmse=mean=3.9014, q50=2.8324, q75=5.3959, q95=9.9890, q99=12.2673, mean_lt_q95=3.4423
[2026-09-18 18:01:50] fold0: CUDA cleanup allocated=0.06->0.06 GiB, reserved=3.27->0.06 GiB
[2026-09-18 18:01:50] OOF RMSE: 4.9044 | FOLD RMSE: 4.9044 (mean:4.9044 +- std:0.0000)
[2026-09-18 18:01:50] OOF raw RMSE: 4.9457 | RAW FOLD RMSE: 4.9457 (mean:4.9457 +- std:0.0000)
[2026-09-18 18:01:51] OOF well_rmse: mean=3.8643, q50=2.7577, q75=5.4087, q95=9.9358, q99=12.1910, mean_lt_q95=3.4051
[2026-09-18 18:01:51] OOF raw well_rmse: mean=3.9014, q50=2.8324, q75=5.3959, q95=9.9890, q99=12.2673, mean_lt_q95=3.4423
[2026-09-18 18:01:51] KFold train-phase avg RMSE best_epoch=110, best_avg_rmse=4.9457, folds=1
[2026-09-18 18:01:51] OOF sample150 RMSE: sample_wells=150, sample_count=10000, seed=20260622, mean=4.9036, q10=4.8265, q25=4.8748, q50=4.9186, q75=4.9467, q90=4.9624
[2026-09-18 18:01:51] OOF raw sample150 RMSE: sample_wells=150, sample_count=10000, seed=20260622, mean=4.9449, q10=4.8678, q25=4.9156, q50=4.9593, q75=4.9882, q90=5.0041

######## save models #######
[2026-09-18 18:01:51] saved models pickle: C:\Users\sudha\OneDrive\Documents\GitHub\Erudition\kaggle_1st_place\solution\results\cnx_tiny_ep150\models.pkl

######## holdout scoring #######
[2026-09-18 18:01:52] saved holdout predictions: C:\Users\sudha\OneDrive\Documents\GitHub\Erudition\kaggle_1st_place\solution\results\cnx_tiny_ep150\holdout_predictions.pqt
[2026-09-18 18:01:52] saved holdout metrics: C:\Users\sudha\OneDrive\Documents\GitHub\Erudition\kaggle_1st_place\solution\results\cnx_tiny_ep150\holdout_metrics.json
[2026-09-18 18:01:52] 
[2026-09-18 18:01:52] HOLDOUT POOLED RMSE: 4.9044 ft over 754,122 suffix rows from 155 wells
[2026-09-18 18:01:52] HOLDOUT POOLED RMSE (pre-SG-smoothing): 4.9457 ft
[2026-09-18 18:01:52]   baseline pooled_rmse_geo_prior_baseline: 11.5716 ft
[2026-09-18 18:01:52] HOLDOUT per-well RMSE: mean=3.8643, q50=2.7577, q75=5.4087, q95=9.9358, q99=12.1910, mean_lt_q95=3.4051
[2026-09-18 18:01:52] saved print log: C:\Users\sudha\OneDrive\Documents\GitHub\Erudition\kaggle_1st_place\solution\results\cnx_tiny_ep150\seq_nn.log
