
######## setup #######
[2026-09-06 08:30:28] output directory: C:\Users\sudha\OneDrive\Documents\GitHub\Erudition\kaggle_1st_place\solution\results\0801_V2_ep150
[2026-09-06 08:30:28] train path: C:\Users\sudha\OneDrive\Documents\GitHub\Erudition\kaggle_1st_place\solution\data\train
[2026-09-06 08:30:28] device: cuda
[2026-09-06 08:30:28] well limit: None
[2026-09-06 08:30:28] train wells: 773
[2026-09-06 08:30:28] raw/downsample/bins: 11024/32/345, typewell_len=400, tw_gr_grid_type=interpolate
[2026-09-06 08:30:28] batch size: train=4, val=4, grad_accum_steps=4, train_drop_last=True, epochs=150, folds=1, log_freq=5, workers=4, persistent_workers=True, prefetch_factor=1, pin_memory=True
[2026-09-06 08:30:28] CV split: mode=holdout, geo_map_path=C:\Users\sudha\OneDrive\Documents\GitHub\Erudition\kaggle_1st_place\solution\data\train_png_typewell_map.csv, kmeans_clusters=20, kmeans_seed=0, seed=7
[2026-09-06 08:30:28] optimizer: {'optimizer': 'adamw', 'lr': 0.0002, 'min_lr': 5e-07, 'weight_decay': 0.02, 'scheduler': 'cos', 'constant_ratio': 0.0, 'layer_wise_lr': False, 'layer_decay': 0.8}, betas=(0.9, 0.999), eps=1e-08, finetune_epochs=None, finetune_log_freq=1, finetune_lr_reduce=0.3, finetune_disabled_augs=['z_shift']
[2026-09-06 08:30:28] loss: unet weighted_huber_ce weights={'regression': 0.016666666666666666, 'offset': 0.0, 'alignment': 0.06666666666666667, 'CDF': 0.0, 'GR_penalty': 0.016666666666666666, 'dS_penalty': 0.0, 'unet_GR_RMSE': 0.0}, alignment_target=exp_smooth, sigma=1.25, tvt_diff_clip=100, model_down_weight=0 wells=0, min_seq_weight=1, seq_noise_weight=False, seq_noise_smooth=3, seq_noise_power=1, gr_corr_weight=False, gr_corr_weight_p=1, gr_corr_weight_smooth_window=5, gr_corr_weight_smooth_factor=0.5
[2026-09-06 08:30:28] simulation: sim_cfg={'keep_ori_path': {'apply_prob': 0.0}, 'z_shift': {'apply_prob': 0.85, 'S_jump_thr': 0.15, 'prefix_sample_len': None, 'safe_range_guard': False, 'safe_range_guard_resample': 5, 'sample_model': 'diff_block_bootstrap', 'sample_from_same_well': False, 'rule_apply_prob': 1.0, 'rule_reverse_prob': 0.5, 'rule_clip_prob': 0.5, 'rule_clip_min_len': 3000, 'rule_stretch_range': (0.9, 1.1), 'rule_scale_range': (0.9, 1.1), 'diff_block_lengths': (1024, 2048, 4096), 'diff_block_weights': (0.45, 0.4, 0.15), 'diff_block_join_width': 16, 'diff_block_reverse_prob': 0.0, 'diff_block_candidate_count': 1, 'pf_sample_sg_window': 127, 'pf_sample_sg_polyorder': 2, 'z_shift_range': 40, 'drift_ratio': 0.0, 'fault_ratio': 0.05, 'fault_max_num': 3, 'fault_std': 1.75, 'noise_mode': {'TVT_bias_v2': 1.0}, 'nan_mode': {'shift': 1.0}, 'TVT_bias_std': 0.95, 'TVT_bias_window': 1280, 'TVT_bias_v2_tvt_std': 0.95, 'TVT_bias_v2_windows': (1536, 256, 2), 'TVT_bias_v2_weights': (0.68, 0.2, 0.12), 'TVT_bias_v2_gr_std_ranges': ((5.6, 8.4), (8.4, 12.2), (12.2, 17.5)), 'TVT_bias_v2_gr_std_weights': (0.24, 0.51, 0.25), 'TVT_bias_v2_scale_mode': 'std', 'TVT_bias_v2_gr_offset_std': 2.0, 'TVT_bias_v2_clip_abs': 36.0, 'TVT_bias_v3_tvt_std_range': (0.14, 0.34), 'TVT_bias_v3_windows': (3072, 768, 96), 'TVT_bias_v3_weights': (0.55, 0.3, 0.15), 'TVT_bias_v3_step_prob': 0.1, 'TVT_bias_v3_step_abs_range': (3.0, 7.0), 'TVT_bias_v3_step_start_range': (0.25, 0.8), 'TVT_bias_v3_step_transition_rows': 192, 'TVT_bias_v3_max_abs_tvt': 9.0, 'TVT_bias_v3_response_power': 0.9308, 'TVT_bias_v3_response_weight': 0.5, 'TVT_bias_v3_mean_offset': 0.03, 'TVT_bias_v3_residual_std_range': (6.75, 8.75), 'TVT_bias_v3_residual_windows': (2048, 1024, 256, 40, 5, 2), 'TVT_bias_v3_residual_weights': (0.03, 0.05, 0.15, 0.35, 0.15, 0.15, 0.1), 'TVT_bias_v3_residual_tail_df': 6.0, 'TVT_bias_v3_boundary_window': 16, 'TVT_bias_v3_boundary_decay_rows': 32.0, 'TVT_bias_v3_random_ramp_rows': 2.0, 'TVT_bias_v3_boundary_persist': 0.0, 'TVT_bias_v3_offset_std': 1.2, 'TVT_bias_v3_clip_abs': 45.0, 'mixed_V1_tvt_weight': 0.4, 'mixed_V1_target_std': 10.7, 'mixed_V1_offset_std': 1.1, 'mixed_V1_windows': (320, 96, 24), 'mixed_V1_weights': (0.45, 0.25, 0.22, 0.08), 'mixed_V1_tail_df': 6.0, 'mixed_V1_clip_abs': 45.0, 'mixed_V1_slope_clip_ref': 0.0, 'mixed_V1_slope_clip_power': 1.0, 'mixed_V1_slope_smooth_window': 9, 'conditional_GR_bins': 28, 'conditional_GR_min_count': 512, 'conditional_GR_mean_shrink': 0.45, 'conditional_GR_scale_blend': 0.85, 'conditional_GR_windows': (1024, 256, 32), 'conditional_GR_weights': (0.48, 0.25, 0.2, 0.07), 'conditional_GR_tail_df': 6.0, 'conditional_GR_texture_weight': 0.25, 'conditional_GR_tvt_std': 0.75, 'conditional_GR_offset_std': 1.2, 'conditional_GR_std_ranges': ((5.6, 8.4), (8.4, 12.2), (12.2, 17.5)), 'conditional_GR_std_weights': (0.24, 0.51, 0.25), 'conditional_GR_clip_abs': 45.0, 'decomposed_GR_mean_mode': 'power', 'decomposed_GR_power': 0.9308, 'decomposed_GR_mean_shrink': 0.7, 'decomposed_GR_scale_blend': 0.55, 'decomposed_GR_random_windows': (256, 64, 8), 'decomposed_GR_random_weights': (0.34, 0.28, 0.22, 0.16), 'decomposed_GR_tail_df': 6.0, 'decomposed_GR_tvt_weight': 0.26, 'decomposed_GR_tvt_base_std': 0.26, 'decomposed_GR_tvt_base_windows': (512, 96, 8), 'decomposed_GR_tvt_base_weights': (0.5, 0.32, 0.18), 'decomposed_GR_tvt_event_prob': 0.5, 'decomposed_GR_tvt_event_max': 3, 'decomposed_GR_tvt_event_min_len': 24, 'decomposed_GR_tvt_event_max_len': 160, 'decomposed_GR_tvt_event_std': 1.25, 'decomposed_GR_tvt_event_smooth': 9, 'decomposed_GR_target_rmse': 10.7, 'decomposed_GR_offset_std': 0.9, 'decomposed_GR_std_ranges': ((5.6, 8.4), (8.4, 12.2), (12.2, 17.5)), 'decomposed_GR_std_weights': (0.24, 0.51, 0.25), 'decomposed_GR_clip_abs': 45.0, 'real_block_len': 512, 'real_block_alpha_range': (0.65, 0.9), 'real_block_scale_clip': (0.6, 1.6), 'structured_alpha_range': (0.25, 0.65), 'structured_windows': (160, 64, 16), 'structured_weights': (0.5, 0.18, 0.25, 0.07), 'structured_scale_clip': (0.6, 1.6), 'structured_clip_abs': 45.0}, 'xy_shift': {'apply_prob': 0.0, 'ddS_jump_thr': 0.005, 'min_window': 10, 'shift_bound': 10, 'a_bound': 0.06, 'b_bound': 0.08}, 'typewell_mirror': {'apply_prob': 0.0, 'skip_out_of_typewell': True}, 'switch_typewell': {'apply_prob': 0.0, 'noise_mode': 'TVT_bias', 'same_nan': True, 'TVT_bias_std': 0.95, 'TVT_bias_window': 1280}, 'reskin': {'apply_prob': 0.0, 'noise_mode': 'copy', 'same_nan': True, 'quantile_jitter': 0.1, 'max_attempts': 8, 'crop_margin_ft': None, 'grid_step_ft': 1.0, 'min_overlap_ft': 100.0, 'corr_threshold': 0.9, 'min_band_wells': 3, 'min_band_ft': 20.0}}
[2026-09-06 08:30:28] augmentation: aug_cfg={'reverse_path': {'apply_prob': 0.25, 'head_TVT_bound': 10, 'sim_head_range': 256}, 'start_point_shift': {'apply_prob': 0.0, 'left_bound': 0.0, 'right_bound': 2000, 'max_ratio': 0.3}, 'GR_noise_shift': {'apply_prob': 0.0, 'shift_range_ratio': 1.0, 'noise_mode': 'copy', 'TVT_bias_std': 0.95, 'TVT_bias_window': 1280}, 'horizontal_gr_blur': {'apply_prob': 0.0, 'flat_region_max_ratio': 0.5}, 'MD_streching': {'apply_prob': 0.4, 'strech_ratio': (0.7, 1.3), 'apply_to_MD': True}, 'tail_cut': {'apply_prob': 0.2, 'max_cut_ratio': 0.5}, 'channel_mask_2d': {'apply_prob': 0.7, 'mask_prob': 0.1, 'PF_mask_prob': 0.05}, 'PF_rotate_shift': {'apply_prob': 0.1, 'ratio_jitter': 0.25, 'max_abs_shift': 20.0, 'shift_mode': 'absolute', 'center_mode': 'first_valid', 'k_clip': 0.0, 'min_fit_denom': 1e-06}, 'prior_corrupt_2d': {'apply_prob': 0.0, 'geo_apply_prob': 0.75, 'pf_apply_prob': 0.6, 'geo_bias_std': 1.5, 'geo_ramp_std': 3.0, 'geo_smooth_noise_std': 2.5, 'geo_smooth_window_choices': (9, 17, 33), 'geo_jump_prob': 0.05, 'geo_jump_std': 4.0, 'geo_max_abs_shift': 12.0, 'pf_path_noise_std': 1.5, 'pf_path_smooth_window_choices': (5, 11, 23), 'pf_path_max_abs_shift': 8.0, 'pf_temperature_range': (0.85, 1.35), 'pf_row_dropout_prob': 0.02, 'pf_wrong_mode_prob': 0.04, 'pf_wrong_mode_shift_range': (6.0, 14.0), 'geo_pf_disagreement_prob': 0.0, 'corrupt_metric_channels': False}, 'seq_mask': {'apply_prob': 0.1, 'mask_ratio': 0.3}, 'hflip': {'apply_prob': 0.0}, 'typewell_gr_jitter': {'apply_prob': 0.2, 'mode_weights': {'coherent_residual_copy': 1.0, 'reference_only': 0.0}, 'offset_std': 2.0, 'gain_std': 0.04, 'gain_clip': (0.9, 1.1), 'drift_std': 1.5, 'drift_window_ft_choices': (15.0, 30.0, 60.0), 'smooth_prob': 0.1, 'smooth_window_choices': (5, 11, 21), 'smooth_blend_range': (0.1, 0.35)}, 'GR_trf': {'apply_prob': 0.6, 'p_std': 0.0, 'a_std': 0.05, 'a_keep_mean': False, 'b_std': 2.0, 'ab_window': None, 'center_mirror_prob': 0.0, 'smooth_apply_prob': 0.1, 'sharpen_apply_prob': 0.1, 'smooth_window': 5, 'sharpen_alpha_range': (0.0, 0.3)}, 'typewell_drift': {'apply_prob': 0.3, 'shift_std': 1.0}}
[2026-09-06 08:30:28] target mode: unet, stats=(1.591691, 15.853182)
[2026-09-06 08:30:28] pred_sg_smooth: enabled=True, window=577, polyorder=1, blend=0.726196
[2026-09-06 08:30:28] geo prior: {'method': 'idw_dS_xy_wls', 'neighbor_wells': 12, 'point_neighbors': 112, 'idw_power': 2.0, 'point_neighbor_metric': 'anisotropic', 'anisotropy_angle_deg': 50.0, 'anisotropy_ratio': 1.3, 'train_bin_size': 64, 'query_bin_size': 32, 'query_upsample_mode': 'linear', 'prefix_bin_size': 32, 'prefix_support_rows': 512, 'clip_ds_xy': 0.0, 'filter_ds_thr': 0.15, 'wls_normalize_dxy': True, 'wls_ridge_frac': 0.01, 'wls_min_eig_ratio': 0.05, 'wls_max_grad': 0.25, 'wls_robust_mode': 'tukey', 'wls_robust_scale': 0.1, 'wls_robust_iters': 1, 'max_train_points': 12000, 'support_region': 'suffix', 'distance_eps': 1e-06}
[2026-09-06 08:30:28] model: unet, cfg={'unet_arch': 'convnext_small', 'unet_pretrained': None, 'unet_timm_model_name': 'convnext_small.in12k_ft_in1k_384', 'drop_path_rate': 0.0, 'unet_stem_stride': (2, 4), 'unet_stem_down_mode': 'pool', 'unet_convnext_norm_replace': 'BN', 'unet_convnext_bn_eps': 0.0001, 'unet_convnext_bn_momentum': 0.1, 'unet_convnext_bn_track_running_stats': True, 'unet_emb_dim': 32, 'unet_mults': (1, 2, 4, 4), 'unet_stacks': 1, 'res_kernel_size': 3, 'resblock_act': 'silu', 'resblock_norm': 'BN', 'unet_dropout': 0.0, 'head_hidden_mult': 2, 'updown_mode_2d': 'non-param', 'regression_head_mode': 'logits', 'share_logits_head': True, 'offset_detach_logits_head_in_loss': False, 'unet_channel_mask_prob': 0.0, 'unet_channel_mask_all_prob': 0.0, 'unet_channel_mask_value': 0.0, 'deep_sup': False, 'deep_sup_stage_decay': 0.5}
[2026-09-06 08:30:28] U-Net static channels: ('tw_gr', 'gr', 'gr_abs_diff', 'gr_isnan_rate', 'gr_std', 'gr_first_last_delta', 'gr_slope', 'gr_quadratic_a', 'gr_quadratic_b', 'gr_quadratic_c', 'gr_quadratic_rmse', 'tw_gr_is_nan', 'tw_tvt_rel', 'seen_tvt_rel', 'tw_seen_tvt_abs_diff', 'geo_tvt_diff')
[2026-09-06 08:30:28] EMA: enabled=True, decay=0.9900
[2026-09-06 08:30:28] holdout mode: train_frac=0.8
[2026-09-06 08:30:28] train wells: 618 (000d7d20 .. d011f41b)
[2026-09-06 08:30:28] holdout wells: 155 (d07aed8f .. ffefef30)
[2026-09-06 08:30:28] saved holdout split: C:\Users\sudha\OneDrive\Documents\GitHub\Erudition\kaggle_1st_place\solution\results\0801_V2_ep150\holdout_split.csv
[2026-09-06 08:30:28] saved cfg pickle: C:\Users\sudha\OneDrive\Documents\GitHub\Erudition\kaggle_1st_place\solution\results\0801_V2_ep150\cfg.pkl

######## model training #######
[2026-09-06 08:30:28] holdout split: train_wells=618, holdout_wells=155, repeats=1
[2026-09-06 08:30:28] fold0: training wells=618, validation wells=155
[2026-09-06 08:30:48] fold0: geo_prior idw_dS_xy_wls train_rmse=12.4144 val_rmse=11.5716 elapsed=9.22s
[2026-09-06 08:30:59] fold0: EMA enabled decay=0.9900
[2026-09-06 08:33:28] fold0 epoch 1: train_loss=0.336152 (regression:0.4093,alignment:4.7740,GR_penalty:0.6638), val_rmse_raw=15.2474, lr=2.00e-04
[2026-09-06 08:40:51] fold0 epoch 5: train_loss=0.263759 (regression:0.1477,alignment:3.8084,GR_penalty:0.4441), val_rmse_raw=15.0626, lr=1.99e-04
[2026-09-06 08:50:04] fold0 epoch 10: train_loss=0.247012 (regression:0.1211,alignment:3.5800,GR_penalty:0.3798), val_rmse_raw=13.4343, lr=1.98e-04
[2026-09-06 09:33:12] fold0 epoch 15: train_loss=0.237105 (regression:0.0981,alignment:3.4356,GR_penalty:0.3860), val_rmse_raw=7.9114, lr=1.95e-04
[2026-09-06 09:42:16] fold0 epoch 20: train_loss=0.230375 (regression:0.0775,alignment:3.3403,GR_penalty:0.3837), val_rmse_raw=6.4891, lr=1.91e-04
[2026-09-06 09:51:20] fold0 epoch 25: train_loss=0.230468 (regression:0.0864,alignment:3.3431,GR_penalty:0.3694), val_rmse_raw=5.6378, lr=1.87e-04
[2026-09-06 10:00:24] fold0 epoch 30: train_loss=0.229248 (regression:0.0724,alignment:3.3229,GR_penalty:0.3910), val_rmse_raw=5.5913, lr=1.81e-04
[2026-09-06 10:09:27] fold0 epoch 35: train_loss=0.227039 (regression:0.0689,alignment:3.2900,GR_penalty:0.3936), val_rmse_raw=5.3968, lr=1.74e-04
[2026-09-06 10:18:33] fold0 epoch 40: train_loss=0.222452 (regression:0.0579,alignment:3.2259,GR_penalty:0.3854), val_rmse_raw=5.6876, lr=1.67e-04
[2026-09-06 10:27:40] fold0 epoch 45: train_loss=0.220386 (regression:0.0525,alignment:3.1994,GR_penalty:0.3732), val_rmse_raw=5.2626, lr=1.59e-04
[2026-09-06 10:36:45] fold0 epoch 50: train_loss=0.220925 (regression:0.0672,alignment:3.2047,GR_penalty:0.3696), val_rmse_raw=5.1999, lr=1.50e-04
[2026-09-06 10:45:48] fold0 epoch 55: train_loss=0.218547 (regression:0.0479,alignment:3.1712,GR_penalty:0.3800), val_rmse_raw=5.3993, lr=1.41e-04
[2026-09-06 10:54:52] fold0 epoch 60: train_loss=0.218391 (regression:0.0532,alignment:3.1669,GR_penalty:0.3825), val_rmse_raw=5.3037, lr=1.31e-04
[2026-09-06 11:03:58] fold0 epoch 65: train_loss=0.215223 (regression:0.0488,alignment:3.1248,GR_penalty:0.3654), val_rmse_raw=5.7628, lr=1.21e-04
[2026-09-06 11:13:08] fold0 epoch 70: train_loss=0.215079 (regression:0.0435,alignment:3.1220,GR_penalty:0.3733), val_rmse_raw=5.3515, lr=1.11e-04
[2026-09-06 11:22:11] fold0 epoch 75: train_loss=0.215247 (regression:0.0525,alignment:3.1170,GR_penalty:0.3942), val_rmse_raw=5.2185, lr=1.00e-04
[2026-09-06 11:31:15] fold0 epoch 80: train_loss=0.214152 (regression:0.0487,alignment:3.1084,GR_penalty:0.3668), val_rmse_raw=5.2302, lr=8.98e-05
[2026-09-06 11:40:20] fold0 epoch 85: train_loss=0.213817 (regression:0.0465,alignment:3.0996,GR_penalty:0.3840), val_rmse_raw=5.1370, lr=7.95e-05
[2026-09-06 11:49:32] fold0 epoch 90: train_loss=0.209867 (regression:0.0361,alignment:3.0483,GR_penalty:0.3629), val_rmse_raw=5.2352, lr=6.94e-05
[2026-09-06 11:58:40] fold0 epoch 95: train_loss=0.212092 (regression:0.0442,alignment:3.0773,GR_penalty:0.3722), val_rmse_raw=5.2890, lr=5.97e-05
[2026-09-06 12:07:43] fold0 epoch 100: train_loss=0.207536 (regression:0.0293,alignment:3.0142,GR_penalty:0.3661), val_rmse_raw=5.3347, lr=5.04e-05
[2026-09-06 12:16:47] fold0 epoch 105: train_loss=0.208491 (regression:0.0317,alignment:3.0311,GR_penalty:0.3534), val_rmse_raw=5.3807, lr=4.16e-05
[2026-09-06 12:26:13] fold0 epoch 110: train_loss=0.207765 (regression:0.0298,alignment:3.0182,GR_penalty:0.3632), val_rmse_raw=5.0212, lr=3.35e-05
[2026-09-06 12:36:07] fold0 epoch 115: train_loss=0.207566 (regression:0.0307,alignment:3.0130,GR_penalty:0.3712), val_rmse_raw=5.0338, lr=2.61e-05
[2026-09-06 12:45:53] fold0 epoch 120: train_loss=0.207835 (regression:0.0320,alignment:3.0117,GR_penalty:0.3912), val_rmse_raw=5.1206, lr=1.96e-05
[2026-09-06 12:55:00] fold0 epoch 125: train_loss=0.207711 (regression:0.0313,alignment:3.0113,GR_penalty:0.3862), val_rmse_raw=5.2449, lr=1.39e-05
[2026-09-06 13:04:04] fold0 epoch 130: train_loss=0.205551 (regression:0.0294,alignment:2.9870,GR_penalty:0.3557), val_rmse_raw=5.2686, lr=9.12e-06
[2026-09-06 13:13:08] fold0 epoch 135: train_loss=0.207027 (regression:0.0339,alignment:3.0018,GR_penalty:0.3807), val_rmse_raw=5.1233, lr=5.38e-06
[2026-09-06 13:22:37] fold0 epoch 140: train_loss=0.203513 (regression:0.0249,alignment:2.9521,GR_penalty:0.3776), val_rmse_raw=5.0848, lr=2.68e-06
[2026-09-06 13:32:08] fold0 epoch 145: train_loss=0.208534 (regression:0.0324,alignment:3.0235,GR_penalty:0.3856), val_rmse_raw=5.0872, lr=1.05e-06
[2026-09-06 13:42:15] fold0 epoch 150: train_loss=0.206951 (regression:0.0314,alignment:3.0054,GR_penalty:0.3643), val_rmse_raw=5.0907, lr=5.00e-07
[2026-09-06 13:42:23] fold0: best_epoch=110, best_rmse=5.0212, final_rmse=4.9785, raw_rmse=5.0212, well_rmse=mean=3.8238, q50=2.9288, q75=4.9428, q95=10.9394, q99=13.2658, mean_lt_q95=3.3142, raw_well_rmse=mean=3.8610, q50=2.9774, q75=5.0019, q95=10.9739, q99=13.3415, mean_lt_q95=3.3500
[2026-09-06 13:42:28] fold0: CUDA cleanup allocated=0.06->0.06 GiB, reserved=4.42->0.06 GiB
[2026-09-06 13:42:28] OOF RMSE: 4.9785 | FOLD RMSE: 4.9785 (mean:4.9785 +- std:0.0000)
[2026-09-06 13:42:28] OOF raw RMSE: 5.0212 | RAW FOLD RMSE: 5.0212 (mean:5.0212 +- std:0.0000)
[2026-09-06 13:42:28] OOF well_rmse: mean=3.8238, q50=2.9288, q75=4.9428, q95=10.9394, q99=13.2658, mean_lt_q95=3.3142
[2026-09-06 13:42:28] OOF raw well_rmse: mean=3.8610, q50=2.9774, q75=5.0019, q95=10.9739, q99=13.3415, mean_lt_q95=3.3500
[2026-09-06 13:42:28] KFold train-phase avg RMSE best_epoch=110, best_avg_rmse=5.0212, folds=1
[2026-09-06 13:42:28] OOF sample150 RMSE: sample_wells=150, sample_count=10000, seed=20260622, mean=4.9771, q10=4.8835, q25=4.9422, q50=4.9989, q75=5.0253, q90=5.0389
[2026-09-06 13:42:29] OOF raw sample150 RMSE: sample_wells=150, sample_count=10000, seed=20260622, mean=5.0199, q10=4.9255, q25=4.9837, q50=5.0420, q75=5.0684, q90=5.0821

######## save models #######
[2026-09-06 13:42:29] saved models pickle: C:\Users\sudha\OneDrive\Documents\GitHub\Erudition\kaggle_1st_place\solution\results\0801_V2_ep150\models.pkl

######## holdout scoring #######
[2026-09-06 13:42:30] saved holdout predictions: C:\Users\sudha\OneDrive\Documents\GitHub\Erudition\kaggle_1st_place\solution\results\0801_V2_ep150\holdout_predictions.pqt
[2026-09-06 13:42:30] saved holdout metrics: C:\Users\sudha\OneDrive\Documents\GitHub\Erudition\kaggle_1st_place\solution\results\0801_V2_ep150\holdout_metrics.json
[2026-09-06 13:42:30] 
[2026-09-06 13:42:30] HOLDOUT POOLED RMSE: 4.9785 ft over 754,122 suffix rows from 155 wells
[2026-09-06 13:42:30] HOLDOUT POOLED RMSE (pre-SG-smoothing): 5.0212 ft
[2026-09-06 13:42:30]   baseline pooled_rmse_geo_prior_baseline: 11.5716 ft
[2026-09-06 13:42:30] HOLDOUT per-well RMSE: mean=3.8238, q50=2.9288, q75=4.9428, q95=10.9394, q99=13.2658, mean_lt_q95=3.3142
[2026-09-06 13:42:30] saved print log: C:\Users\sudha\OneDrive\Documents\GitHub\Erudition\kaggle_1st_place\solution\results\0801_V2_ep150\seq_nn.log
