# 2026-09-18 12:21:38  anchor_train.py --out runs/C_s2_pfchan --row 1.0 --n-move 5 --epoch-len 1150 --epochs 120 --eval-every 5 --tta 8 --seed 2 --pf-channels 2
grid: 256 rows x 336 cols (row 1.0 ft, colw 32.0 ft), state grid 64 bins of 4.0 ft, stem_stride 1, arch effnet, GR prefilter 0 ft
wells: 773 total -> 618 train / 155 holdout (first holdout d07aed8f)
wells: cache hit C:\Users\sudha\OneDrive\Documents\GitHub\Erudition\kaggle2ndplace\cache\wells__773_cf8a82a2.npz
scored rows in holdout: 754,122
model: GR2TVTAnchorNet 3.74M params, n_move=5, dzl_head=True, pretrained=True
schedule: 120 epochs x 95 steps (batch 6 x accum 2), lr 0.001, warmup 200
epoch   0/120  loss 2.4115  ce 1.2912  huber 0.0418  dzl 1.0785  oov 0.00013  lr 4.80e-04  52s
epoch   1/120  loss 1.1430  ce 0.5795  huber 0.0424  dzl 0.5211  oov 0.00010  lr 9.55e-04  32s
epoch   2/120  loss 0.9829  ce 0.5311  huber 0.0412  dzl 0.4106  oov 0.00010  lr 1.00e-03  29s
epoch   3/120  loss 0.9595  ce 0.5241  huber 0.0421  dzl 0.3934  oov 0.00008  lr 1.00e-03  30s
epoch   4/120  loss 0.9458  ce 0.5118  huber 0.0414  dzl 0.3926  oov 0.00013  lr 1.00e-03  29s  | holdout pooled RMSE 15.6768 ft
epoch   5/120  loss 0.8895  ce 0.4591  huber 0.0417  dzl 0.3888  oov 0.00009  lr 1.00e-03  29s
epoch   6/120  loss 0.8729  ce 0.4491  huber 0.0422  dzl 0.3815  oov 0.00007  lr 1.00e-03  30s
epoch   7/120  loss 0.8451  ce 0.4379  huber 0.0419  dzl 0.3653  oov 0.00010  lr 1.00e-03  29s
epoch   8/120  loss 0.8494  ce 0.4369  huber 0.0419  dzl 0.3706  oov 0.00003  lr 1.00e-03  30s
epoch   9/120  loss 0.8387  ce 0.4304  huber 0.0416  dzl 0.3667  oov 0.00013  lr 1.00e-03  29s  | holdout pooled RMSE 11.4470 ft
epoch  10/120  loss 0.8314  ce 0.4308  huber 0.0422  dzl 0.3585  oov 0.00015  lr 1.00e-03  29s
epoch  11/120  loss 0.8346  ce 0.4317  huber 0.0417  dzl 0.3611  oov 0.00007  lr 1.00e-03  29s
epoch  12/120  loss 0.8146  ce 0.4173  huber 0.0414  dzl 0.3559  oov 0.00012  lr 1.00e-03  29s
epoch  13/120  loss 0.8296  ce 0.4190  huber 0.0414  dzl 0.3693  oov 0.00011  lr 1.00e-03  29s
epoch  14/120  loss 0.8059  ce 0.4109  huber 0.0406  dzl 0.3544  oov 0.00009  lr 1.00e-03  31s  | holdout pooled RMSE 10.9400 ft
epoch  15/120  loss 0.7972  ce 0.4034  huber 0.0402  dzl 0.3536  oov 0.00010  lr 1.00e-03  31s
epoch  16/120  loss 0.8071  ce 0.4032  huber 0.0387  dzl 0.3652  oov 0.00007  lr 1.00e-03  31s
epoch  17/120  loss 0.7845  ce 0.3950  huber 0.0378  dzl 0.3517  oov 0.00011  lr 1.00e-03  30s
epoch  18/120  loss 0.7824  ce 0.3917  huber 0.0375  dzl 0.3532  oov 0.00015  lr 1.00e-03  31s
epoch  19/120  loss 0.7743  ce 0.3860  huber 0.0367  dzl 0.3516  oov 0.00010  lr 1.00e-03  31s  | holdout pooled RMSE 8.8082 ft
epoch  20/120  loss 0.7550  ce 0.3788  huber 0.0357  dzl 0.3405  oov 0.00009  lr 1.00e-03  30s
epoch  21/120  loss 0.7623  ce 0.3801  huber 0.0352  dzl 0.3470  oov 0.00007  lr 1.00e-03  31s
epoch  22/120  loss 0.7535  ce 0.3722  huber 0.0341  dzl 0.3472  oov 0.00010  lr 1.00e-03  31s
epoch  23/120  loss 0.7460  ce 0.3710  huber 0.0339  dzl 0.3411  oov 0.00012  lr 1.00e-03  31s
epoch  24/120  loss 0.7538  ce 0.3716  huber 0.0337  dzl 0.3485  oov 0.00015  lr 1.00e-03  31s  | holdout pooled RMSE 7.8968 ft
epoch  25/120  loss 0.7439  ce 0.3701  huber 0.0332  dzl 0.3406  oov 0.00015  lr 1.00e-03  31s
epoch  26/120  loss 0.7424  ce 0.3701  huber 0.0331  dzl 0.3391  oov 0.00014  lr 1.00e-03  31s
epoch  27/120  loss 0.7391  ce 0.3667  huber 0.0325  dzl 0.3399  oov 0.00017  lr 1.00e-03  31s
epoch  28/120  loss 0.7321  ce 0.3646  huber 0.0326  dzl 0.3349  oov 0.00010  lr 1.00e-03  31s
epoch  29/120  loss 0.7297  ce 0.3625  huber 0.0319  dzl 0.3353  oov 0.00012  lr 1.00e-03  31s  | holdout pooled RMSE 7.4925 ft
epoch  30/120  loss 0.7257  ce 0.3571  huber 0.0317  dzl 0.3369  oov 0.00008  lr 1.00e-03  30s
epoch  31/120  loss 0.7175  ce 0.3592  huber 0.0316  dzl 0.3267  oov 0.00010  lr 1.00e-03  30s
epoch  32/120  loss 0.7214  ce 0.3591  huber 0.0310  dzl 0.3314  oov 0.00011  lr 1.00e-03  30s
epoch  33/120  loss 0.7150  ce 0.3559  huber 0.0307  dzl 0.3284  oov 0.00010  lr 1.00e-03  30s
epoch  34/120  loss 0.7269  ce 0.3597  huber 0.0312  dzl 0.3361  oov 0.00005  lr 1.00e-03  30s  | holdout pooled RMSE 7.1656 ft
epoch  35/120  loss 0.7176  ce 0.3554  huber 0.0316  dzl 0.3305  oov 0.00013  lr 1.00e-03  29s
epoch  36/120  loss 0.7081  ce 0.3499  huber 0.0311  dzl 0.3271  oov 0.00008  lr 1.00e-03  29s
epoch  37/120  loss 0.7072  ce 0.3569  huber 0.0304  dzl 0.3198  oov 0.00012  lr 1.00e-03  29s
epoch  38/120  loss 0.7076  ce 0.3526  huber 0.0307  dzl 0.3244  oov 0.00005  lr 1.00e-03  29s
epoch  39/120  loss 0.6971  ce 0.3464  huber 0.0305  dzl 0.3202  oov 0.00008  lr 1.00e-03  30s  | holdout pooled RMSE 7.0235 ft
epoch  40/120  loss 0.7054  ce 0.3475  huber 0.0302  dzl 0.3276  oov 0.00010  lr 1.00e-03  29s
epoch  41/120  loss 0.6845  ce 0.3419  huber 0.0298  dzl 0.3128  oov 0.00011  lr 1.00e-03  29s
epoch  42/120  loss 0.6968  ce 0.3447  huber 0.0295  dzl 0.3226  oov 0.00012  lr 1.00e-03  29s
epoch  43/120  loss 0.6887  ce 0.3427  huber 0.0299  dzl 0.3161  oov 0.00013  lr 1.00e-03  29s
epoch  44/120  loss 0.6964  ce 0.3447  huber 0.0301  dzl 0.3216  oov 0.00013  lr 1.00e-03  30s  | holdout pooled RMSE 6.8380 ft
epoch  45/120  loss 0.6919  ce 0.3416  huber 0.0297  dzl 0.3206  oov 0.00014  lr 1.00e-03  29s
epoch  46/120  loss 0.6858  ce 0.3384  huber 0.0291  dzl 0.3183  oov 0.00011  lr 1.00e-03  29s
epoch  47/120  loss 0.6968  ce 0.3435  huber 0.0293  dzl 0.3241  oov 0.00009  lr 1.00e-03  29s
epoch  48/120  loss 0.6876  ce 0.3394  huber 0.0292  dzl 0.3190  oov 0.00013  lr 1.00e-03  29s
epoch  49/120  loss 0.6806  ce 0.3352  huber 0.0290  dzl 0.3163  oov 0.00011  lr 1.00e-03  29s  | holdout pooled RMSE 6.7747 ft
epoch  50/120  loss 0.6781  ce 0.3351  huber 0.0289  dzl 0.3141  oov 0.00014  lr 1.00e-03  29s
epoch  51/120  loss 0.6805  ce 0.3398  huber 0.0290  dzl 0.3117  oov 0.00007  lr 1.00e-03  29s
epoch  52/120  loss 0.6812  ce 0.3369  huber 0.0287  dzl 0.3155  oov 0.00010  lr 1.00e-03  29s
epoch  53/120  loss 0.6802  ce 0.3387  huber 0.0285  dzl 0.3130  oov 0.00009  lr 1.00e-03  29s
epoch  54/120  loss 0.6818  ce 0.3375  huber 0.0287  dzl 0.3157  oov 0.00010  lr 1.00e-03  30s  | holdout pooled RMSE 6.5686 ft
epoch  55/120  loss 0.6720  ce 0.3332  huber 0.0287  dzl 0.3101  oov 0.00010  lr 1.00e-03  30s
epoch  56/120  loss 0.6786  ce 0.3368  huber 0.0282  dzl 0.3136  oov 0.00012  lr 1.00e-03  30s
epoch  57/120  loss 0.6647  ce 0.3322  huber 0.0288  dzl 0.3037  oov 0.00012  lr 1.00e-03  30s
epoch  58/120  loss 0.6679  ce 0.3304  huber 0.0284  dzl 0.3091  oov 0.00010  lr 1.00e-03  30s
epoch  59/120  loss 0.6588  ce 0.3294  huber 0.0276  dzl 0.3018  oov 0.00009  lr 1.00e-03  30s  | holdout pooled RMSE 6.3189 ft
epoch  60/120  loss 0.6665  ce 0.3286  huber 0.0280  dzl 0.3098  oov 0.00011  lr 1.00e-03  30s
epoch  61/120  loss 0.6677  ce 0.3319  huber 0.0283  dzl 0.3074  oov 0.00015  lr 1.00e-03  30s
epoch  62/120  loss 0.6619  ce 0.3282  huber 0.0281  dzl 0.3056  oov 0.00007  lr 1.00e-03  30s
epoch  63/120  loss 0.6617  ce 0.3294  huber 0.0285  dzl 0.3039  oov 0.00018  lr 1.00e-03  30s
epoch  64/120  loss 0.6603  ce 0.3269  huber 0.0278  dzl 0.3056  oov 0.00012  lr 1.00e-03  30s  | holdout pooled RMSE 6.2487 ft
epoch  65/120  loss 0.6596  ce 0.3264  huber 0.0276  dzl 0.3056  oov 0.00009  lr 1.00e-03  30s
epoch  66/120  loss 0.6638  ce 0.3284  huber 0.0278  dzl 0.3076  oov 0.00014  lr 1.00e-03  31s
epoch  67/120  loss 0.6639  ce 0.3285  huber 0.0281  dzl 0.3073  oov 0.00014  lr 1.00e-03  30s
epoch  68/120  loss 0.6562  ce 0.3250  huber 0.0278  dzl 0.3034  oov 0.00013  lr 1.00e-03  30s
epoch  69/120  loss 0.6526  ce 0.3248  huber 0.0276  dzl 0.3002  oov 0.00011  lr 1.00e-03  30s  | holdout pooled RMSE 6.1472 ft
epoch  70/120  loss 0.6481  ce 0.3195  huber 0.0272  dzl 0.3015  oov 0.00012  lr 1.00e-03  31s
epoch  71/120  loss 0.6492  ce 0.3230  huber 0.0270  dzl 0.2991  oov 0.00011  lr 1.00e-03  31s
epoch  72/120  loss 0.6543  ce 0.3229  huber 0.0277  dzl 0.3036  oov 0.00009  lr 1.00e-03  30s
epoch  73/120  loss 0.6557  ce 0.3245  huber 0.0275  dzl 0.3037  oov 0.00009  lr 1.00e-03  30s
epoch  74/120  loss 0.6467  ce 0.3210  huber 0.0274  dzl 0.2983  oov 0.00012  lr 1.00e-03  30s  | holdout pooled RMSE 6.1059 ft
epoch  75/120  loss 0.6532  ce 0.3239  huber 0.0272  dzl 0.3022  oov 0.00013  lr 1.00e-03  33s
epoch  76/120  loss 0.6513  ce 0.3229  huber 0.0272  dzl 0.3012  oov 0.00011  lr 1.00e-03  33s
epoch  77/120  loss 0.6475  ce 0.3205  huber 0.0272  dzl 0.2998  oov 0.00009  lr 1.00e-03  33s
epoch  78/120  loss 0.6427  ce 0.3191  huber 0.0273  dzl 0.2964  oov 0.00013  lr 1.00e-03  31s
epoch  79/120  loss 0.6451  ce 0.3195  huber 0.0269  dzl 0.2986  oov 0.00007  lr 1.00e-03  31s  | holdout pooled RMSE 6.2118 ft
epoch  80/120  loss 0.6467  ce 0.3213  huber 0.0270  dzl 0.2984  oov 0.00013  lr 1.00e-03  32s
epoch  81/120  loss 0.6385  ce 0.3169  huber 0.0264  dzl 0.2952  oov 0.00010  lr 1.00e-03  29s
epoch  82/120  loss 0.6409  ce 0.3198  huber 0.0266  dzl 0.2946  oov 0.00009  lr 1.00e-03  29s
epoch  83/120  loss 0.6353  ce 0.3168  huber 0.0263  dzl 0.2922  oov 0.00008  lr 1.00e-03  29s
epoch  84/120  loss 0.6338  ce 0.3178  huber 0.0268  dzl 0.2892  oov 0.00013  lr 1.00e-03  29s  | holdout pooled RMSE 6.1168 ft
epoch  85/120  loss 0.6267  ce 0.3105  huber 0.0263  dzl 0.2900  oov 0.00008  lr 1.00e-03  29s
epoch  86/120  loss 0.6347  ce 0.3156  huber 0.0264  dzl 0.2926  oov 0.00005  lr 1.00e-03  29s
epoch  87/120  loss 0.6287  ce 0.3113  huber 0.0264  dzl 0.2910  oov 0.00012  lr 1.00e-03  31s
epoch  88/120  loss 0.6451  ce 0.3195  huber 0.0267  dzl 0.2990  oov 0.00010  lr 1.00e-03  30s
epoch  89/120  loss 0.6327  ce 0.3129  huber 0.0263  dzl 0.2935  oov 0.00008  lr 1.00e-03  29s  | holdout pooled RMSE 6.0425 ft
epoch  90/120  loss 0.6352  ce 0.3186  huber 0.0264  dzl 0.2902  oov 0.00010  lr 1.00e-03  29s
epoch  91/120  loss 0.6302  ce 0.3116  huber 0.0259  dzl 0.2927  oov 0.00012  lr 1.00e-03  29s
epoch  92/120  loss 0.6329  ce 0.3133  huber 0.0265  dzl 0.2931  oov 0.00010  lr 1.00e-03  31s
epoch  93/120  loss 0.6283  ce 0.3116  huber 0.0262  dzl 0.2905  oov 0.00008  lr 1.00e-03  32s
epoch  94/120  loss 0.6286  ce 0.3125  huber 0.0263  dzl 0.2898  oov 0.00010  lr 1.00e-03  30s  | holdout pooled RMSE 6.0923 ft
epoch  95/120  loss 0.6321  ce 0.3150  huber 0.0261  dzl 0.2910  oov 0.00010  lr 1.00e-03  30s
epoch  96/120  loss 0.6239  ce 0.3112  huber 0.0260  dzl 0.2867  oov 0.00010  lr 1.00e-03  30s
epoch  97/120  loss 0.6268  ce 0.3127  huber 0.0263  dzl 0.2877  oov 0.00015  lr 1.00e-03  30s
epoch  98/120  loss 0.6234  ce 0.3099  huber 0.0259  dzl 0.2877  oov 0.00012  lr 1.00e-03  32s
epoch  99/120  loss 0.6205  ce 0.3105  huber 0.0256  dzl 0.2844  oov 0.00015  lr 1.00e-03  30s  | holdout pooled RMSE 6.2694 ft
epoch 100/120  loss 0.6167  ce 0.3087  huber 0.0254  dzl 0.2826  oov 0.00012  lr 1.00e-03  30s
epoch 101/120  loss 0.6106  ce 0.3047  huber 0.0255  dzl 0.2803  oov 0.00005  lr 1.00e-03  30s
epoch 102/120  loss 0.6186  ce 0.3093  huber 0.0255  dzl 0.2838  oov 0.00009  lr 1.00e-03  30s
epoch 103/120  loss 0.6177  ce 0.3090  huber 0.0257  dzl 0.2830  oov 0.00012  lr 1.00e-03  32s
epoch 104/120  loss 0.6048  ce 0.3014  huber 0.0250  dzl 0.2784  oov 0.00009  lr 1.00e-03  30s  | holdout pooled RMSE 6.4717 ft
epoch 105/120  loss 0.6147  ce 0.3060  huber 0.0255  dzl 0.2832  oov 0.00007  lr 1.00e-03  30s
epoch 106/120  loss 0.6083  ce 0.3059  huber 0.0255  dzl 0.2768  oov 0.00010  lr 1.00e-03  31s
epoch 107/120  loss 0.6183  ce 0.3101  huber 0.0254  dzl 0.2829  oov 0.00010  lr 1.00e-03  31s
epoch 108/120  loss 0.6142  ce 0.3071  huber 0.0256  dzl 0.2814  oov 0.00014  lr 1.00e-03  31s
epoch 109/120  loss 0.6130  ce 0.3058  huber 0.0254  dzl 0.2817  oov 0.00012  lr 1.00e-03  31s  | holdout pooled RMSE 6.5483 ft
epoch 110/120  loss 0.6059  ce 0.3017  huber 0.0253  dzl 0.2788  oov 0.00009  lr 1.00e-03  32s
epoch 111/120  loss 0.6098  ce 0.3045  huber 0.0249  dzl 0.2803  oov 0.00011  lr 1.00e-03  32s
epoch 112/120  loss 0.6010  ce 0.3015  huber 0.0251  dzl 0.2743  oov 0.00013  lr 1.00e-03  33s
epoch 113/120  loss 0.6101  ce 0.3037  huber 0.0251  dzl 0.2814  oov 0.00013  lr 1.00e-03  33s
epoch 114/120  loss 0.6086  ce 0.3025  huber 0.0250  dzl 0.2811  oov 0.00009  lr 1.00e-03  31s  | holdout pooled RMSE 6.5159 ft
epoch 115/120  loss 0.5968  ce 0.2995  huber 0.0250  dzl 0.2722  oov 0.00014  lr 1.00e-03  31s
epoch 116/120  loss 0.6007  ce 0.3029  huber 0.0247  dzl 0.2731  oov 0.00014  lr 1.00e-03  32s
epoch 117/120  loss 0.6028  ce 0.3037  huber 0.0249  dzl 0.2742  oov 0.00017  lr 1.00e-03  31s
epoch 118/120  loss 0.5977  ce 0.2988  huber 0.0244  dzl 0.2744  oov 0.00012  lr 1.00e-03  30s
epoch 119/120  loss 0.5937  ce 0.2980  huber 0.0249  dzl 0.2708  oov 0.00009  lr 1.00e-03  30s  | holdout pooled RMSE 6.5584 ft
final holdout pass: 8 MD phase(s) (np.float64(0.0), np.float64(8.0), np.float64(16.0), np.float64(24.0), np.float64(32.0), np.float64(40.0), np.float64(48.0), np.float64(56.0))

HOLDOUT POOLED RMSE: 6.1090 ft over 754,122 rows in 155 wells
single phase: 6.5584 ft  (TTA gain +0.4494 ft)
per-well RMSE  mean 4.707  p50 3.600  p95 14.017
worst 5 wells carry 29% of the squared error: {'f6d009f4': 20.271, 'f2d4c8c9': 15.552, 'f6bc699b': 19.081, 'e5864244': 16.926, 'd7eb0be8': 15.351}
