# 2026-09-17 18:02:19  anchor_train.py --out runs/C_s1_pf_sib --row 1.0 --n-move 5 --epoch-len 1150 --epochs 120 --eval-every 5 --tta 8 --seed 1 --pf-channels 2 --sibling-w 0.75
grid: 256 rows x 336 cols (row 1.0 ft, colw 32.0 ft), state grid 64 bins of 4.0 ft, stem_stride 1, arch effnet, GR prefilter 0 ft
wells: 773 total -> 618 train / 155 holdout (first holdout d07aed8f)
wells: cache hit C:\Users\sudha\OneDrive\Documents\GitHub\Erudition\kaggle2ndplace\cache\wells__773_cf8a82a2.npz
sibling bank: 54 systems over 773 wells; 618 training laterals binned into 52 of them; members median 8, max 55, 12 singleton systems
sibling reference applied at weight 0.75 to 759/773 wells (1806 typewell samples blended per well)
scored rows in holdout: 754,122
model: GR2TVTAnchorNet 3.74M params, n_move=5, dzl_head=True, pretrained=True
schedule: 120 epochs x 95 steps (batch 6 x accum 2), lr 0.001, warmup 200
epoch   0/120  loss 2.4370  ce 1.3058  huber 0.0416  dzl 1.0895  oov 0.00010  lr 4.80e-04  53s
epoch   1/120  loss 1.2030  ce 0.5714  huber 0.0418  dzl 0.5898  oov 0.00011  lr 9.55e-04  31s
epoch   2/120  loss 1.0029  ce 0.5396  huber 0.0417  dzl 0.4216  oov 0.00010  lr 1.00e-03  34s
epoch   3/120  loss 0.9727  ce 0.5274  huber 0.0419  dzl 0.4035  oov 0.00009  lr 1.00e-03  76s
epoch   4/120  loss 0.9126  ce 0.4761  huber 0.0420  dzl 0.3944  oov 0.00012  lr 1.00e-03  54s  | holdout pooled RMSE 14.7096 ft
epoch   5/120  loss 0.8716  ce 0.4510  huber 0.0419  dzl 0.3788  oov 0.00004  lr 1.00e-03  41s
epoch   6/120  loss 0.8602  ce 0.4436  huber 0.0419  dzl 0.3747  oov 0.00010  lr 1.00e-03  34s
epoch   7/120  loss 0.8517  ce 0.4368  huber 0.0418  dzl 0.3731  oov 0.00011  lr 1.00e-03  33s
epoch   8/120  loss 0.8355  ce 0.4270  huber 0.0417  dzl 0.3668  oov 0.00017  lr 1.00e-03  33s
epoch   9/120  loss 0.8428  ce 0.4318  huber 0.0418  dzl 0.3692  oov 0.00009  lr 1.00e-03  36s  | holdout pooled RMSE 12.3911 ft
epoch  10/120  loss 0.8334  ce 0.4303  huber 0.0415  dzl 0.3615  oov 0.00002  lr 1.00e-03  35s
epoch  11/120  loss 0.8301  ce 0.4260  huber 0.0416  dzl 0.3624  oov 0.00010  lr 1.00e-03  33s
epoch  12/120  loss 0.8164  ce 0.4214  huber 0.0411  dzl 0.3539  oov 0.00014  lr 1.00e-03  33s
epoch  13/120  loss 0.8363  ce 0.4268  huber 0.0417  dzl 0.3678  oov 0.00014  lr 1.00e-03  33s
epoch  14/120  loss 0.8258  ce 0.4258  huber 0.0414  dzl 0.3586  oov 0.00014  lr 1.00e-03  34s  | holdout pooled RMSE 11.5864 ft
epoch  15/120  loss 0.8323  ce 0.4298  huber 0.0418  dzl 0.3608  oov 0.00013  lr 1.00e-03  34s
epoch  16/120  loss 0.8137  ce 0.4196  huber 0.0417  dzl 0.3524  oov 0.00008  lr 1.00e-03  36s
epoch  17/120  loss 0.8138  ce 0.4206  huber 0.0415  dzl 0.3518  oov 0.00014  lr 1.00e-03  35s
epoch  18/120  loss 0.8175  ce 0.4195  huber 0.0419  dzl 0.3562  oov 0.00011  lr 1.00e-03  35s
epoch  19/120  loss 0.8051  ce 0.4102  huber 0.0413  dzl 0.3536  oov 0.00007  lr 1.00e-03  35s  | holdout pooled RMSE 10.1322 ft
epoch  20/120  loss 0.7867  ce 0.4028  huber 0.0398  dzl 0.3442  oov 0.00012  lr 1.00e-03  35s
epoch  21/120  loss 0.7746  ce 0.3948  huber 0.0382  dzl 0.3416  oov 0.00007  lr 1.00e-03  35s
epoch  22/120  loss 0.7777  ce 0.3905  huber 0.0366  dzl 0.3506  oov 0.00010  lr 1.00e-03  36s
epoch  23/120  loss 0.7665  ce 0.3870  huber 0.0358  dzl 0.3437  oov 0.00013  lr 1.00e-03  32s
epoch  24/120  loss 0.7500  ce 0.3786  huber 0.0357  dzl 0.3357  oov 0.00009  lr 1.00e-03  32s  | holdout pooled RMSE 8.7294 ft
epoch  25/120  loss 0.7422  ce 0.3747  huber 0.0352  dzl 0.3323  oov 0.00015  lr 1.00e-03  32s
epoch  26/120  loss 0.7525  ce 0.3775  huber 0.0339  dzl 0.3410  oov 0.00008  lr 1.00e-03  32s
epoch  27/120  loss 0.7496  ce 0.3765  huber 0.0339  dzl 0.3392  oov 0.00009  lr 1.00e-03  32s
epoch  28/120  loss 0.7480  ce 0.3738  huber 0.0334  dzl 0.3407  oov 0.00012  lr 1.00e-03  32s
epoch  29/120  loss 0.7307  ce 0.3653  huber 0.0332  dzl 0.3322  oov 0.00011  lr 1.00e-03  32s  | holdout pooled RMSE 7.1281 ft
epoch  30/120  loss 0.7273  ce 0.3631  huber 0.0321  dzl 0.3321  oov 0.00012  lr 1.00e-03  32s
epoch  31/120  loss 0.7270  ce 0.3648  huber 0.0323  dzl 0.3299  oov 0.00016  lr 1.00e-03  32s
epoch  32/120  loss 0.7210  ce 0.3593  huber 0.0321  dzl 0.3297  oov 0.00015  lr 1.00e-03  32s
epoch  33/120  loss 0.7245  ce 0.3627  huber 0.0318  dzl 0.3301  oov 0.00012  lr 1.00e-03  32s
epoch  34/120  loss 0.7111  ce 0.3554  huber 0.0315  dzl 0.3242  oov 0.00011  lr 1.00e-03  31s  | holdout pooled RMSE 6.7417 ft
epoch  35/120  loss 0.7138  ce 0.3533  huber 0.0306  dzl 0.3300  oov 0.00014  lr 1.00e-03  32s
epoch  36/120  loss 0.7121  ce 0.3571  huber 0.0312  dzl 0.3239  oov 0.00011  lr 1.00e-03  32s
epoch  37/120  loss 0.7119  ce 0.3551  huber 0.0313  dzl 0.3255  oov 0.00010  lr 1.00e-03  32s
epoch  38/120  loss 0.7061  ce 0.3535  huber 0.0310  dzl 0.3217  oov 0.00009  lr 1.00e-03  50s
epoch  39/120  loss 0.6979  ce 0.3507  huber 0.0311  dzl 0.3162  oov 0.00008  lr 1.00e-03  66s  | holdout pooled RMSE 6.4254 ft
epoch  40/120  loss 0.7049  ce 0.3541  huber 0.0312  dzl 0.3195  oov 0.00007  lr 1.00e-03  33s
epoch  41/120  loss 0.6982  ce 0.3470  huber 0.0303  dzl 0.3209  oov 0.00012  lr 1.00e-03  31s
epoch  42/120  loss 0.6976  ce 0.3513  huber 0.0303  dzl 0.3160  oov 0.00006  lr 1.00e-03  32s
epoch  43/120  loss 0.6951  ce 0.3477  huber 0.0303  dzl 0.3171  oov 0.00013  lr 1.00e-03  31s
epoch  44/120  loss 0.6864  ce 0.3410  huber 0.0298  dzl 0.3156  oov 0.00014  lr 1.00e-03  32s  | holdout pooled RMSE 6.2718 ft
epoch  45/120  loss 0.6957  ce 0.3452  huber 0.0303  dzl 0.3202  oov 0.00011  lr 1.00e-03  31s
epoch  46/120  loss 0.6770  ce 0.3380  huber 0.0295  dzl 0.3095  oov 0.00008  lr 1.00e-03  31s
epoch  47/120  loss 0.6786  ce 0.3380  huber 0.0297  dzl 0.3110  oov 0.00009  lr 1.00e-03  32s
epoch  48/120  loss 0.6828  ce 0.3388  huber 0.0293  dzl 0.3147  oov 0.00011  lr 1.00e-03  31s
epoch  49/120  loss 0.6935  ce 0.3461  huber 0.0295  dzl 0.3179  oov 0.00012  lr 1.00e-03  32s  | holdout pooled RMSE 6.1433 ft
epoch  50/120  loss 0.6832  ce 0.3402  huber 0.0292  dzl 0.3138  oov 0.00009  lr 1.00e-03  31s
epoch  51/120  loss 0.6767  ce 0.3369  huber 0.0291  dzl 0.3108  oov 0.00008  lr 1.00e-03  31s
epoch  52/120  loss 0.6801  ce 0.3394  huber 0.0293  dzl 0.3115  oov 0.00007  lr 1.00e-03  31s
epoch  53/120  loss 0.6691  ce 0.3336  huber 0.0287  dzl 0.3069  oov 0.00012  lr 1.00e-03  31s
epoch  54/120  loss 0.6720  ce 0.3335  huber 0.0284  dzl 0.3100  oov 0.00008  lr 1.00e-03  31s  | holdout pooled RMSE 6.0213 ft
epoch  55/120  loss 0.6748  ce 0.3370  huber 0.0286  dzl 0.3092  oov 0.00009  lr 1.00e-03  31s
epoch  56/120  loss 0.6652  ce 0.3321  huber 0.0288  dzl 0.3044  oov 0.00011  lr 1.00e-03  31s
epoch  57/120  loss 0.6703  ce 0.3326  huber 0.0282  dzl 0.3095  oov 0.00011  lr 1.00e-03  31s
epoch  58/120  loss 0.6690  ce 0.3340  huber 0.0283  dzl 0.3067  oov 0.00005  lr 1.00e-03  31s
epoch  59/120  loss 0.6620  ce 0.3305  huber 0.0282  dzl 0.3033  oov 0.00010  lr 1.00e-03  31s  | holdout pooled RMSE 5.9469 ft
epoch  60/120  loss 0.6601  ce 0.3300  huber 0.0282  dzl 0.3019  oov 0.00013  lr 1.00e-03  31s
epoch  61/120  loss 0.6629  ce 0.3303  huber 0.0279  dzl 0.3047  oov 0.00013  lr 1.00e-03  31s
epoch  62/120  loss 0.6559  ce 0.3270  huber 0.0274  dzl 0.3015  oov 0.00010  lr 1.00e-03  31s
epoch  63/120  loss 0.6637  ce 0.3305  huber 0.0281  dzl 0.3051  oov 0.00014  lr 1.00e-03  31s
epoch  64/120  loss 0.6482  ce 0.3233  huber 0.0274  dzl 0.2975  oov 0.00007  lr 1.00e-03  31s  | holdout pooled RMSE 6.0283 ft
epoch  65/120  loss 0.6497  ce 0.3233  huber 0.0272  dzl 0.2991  oov 0.00010  lr 1.00e-03  31s
epoch  66/120  loss 0.6606  ce 0.3271  huber 0.0275  dzl 0.3060  oov 0.00008  lr 1.00e-03  31s
epoch  67/120  loss 0.6584  ce 0.3279  huber 0.0273  dzl 0.3032  oov 0.00010  lr 1.00e-03  31s
epoch  68/120  loss 0.6541  ce 0.3283  huber 0.0277  dzl 0.2980  oov 0.00011  lr 1.00e-03  31s
epoch  69/120  loss 0.6650  ce 0.3295  huber 0.0278  dzl 0.3078  oov 0.00013  lr 1.00e-03  31s  | holdout pooled RMSE 5.9134 ft
epoch  70/120  loss 0.6392  ce 0.3218  huber 0.0273  dzl 0.2901  oov 0.00006  lr 1.00e-03  31s
epoch  71/120  loss 0.6459  ce 0.3234  huber 0.0274  dzl 0.2951  oov 0.00006  lr 1.00e-03  31s
epoch  72/120  loss 0.6532  ce 0.3231  huber 0.0271  dzl 0.3029  oov 0.00014  lr 1.00e-03  31s
epoch  73/120  loss 0.6492  ce 0.3235  huber 0.0270  dzl 0.2987  oov 0.00012  lr 1.00e-03  31s
epoch  74/120  loss 0.6483  ce 0.3233  huber 0.0273  dzl 0.2977  oov 0.00002  lr 1.00e-03  31s  | holdout pooled RMSE 5.8715 ft
epoch  75/120  loss 0.6466  ce 0.3216  huber 0.0271  dzl 0.2979  oov 0.00011  lr 1.00e-03  31s
epoch  76/120  loss 0.6366  ce 0.3197  huber 0.0271  dzl 0.2899  oov 0.00010  lr 1.00e-03  31s
epoch  77/120  loss 0.6423  ce 0.3211  huber 0.0274  dzl 0.2938  oov 0.00010  lr 1.00e-03  31s
epoch  78/120  loss 0.6324  ce 0.3132  huber 0.0265  dzl 0.2928  oov 0.00007  lr 1.00e-03  31s
epoch  79/120  loss 0.6448  ce 0.3241  huber 0.0273  dzl 0.2934  oov 0.00013  lr 1.00e-03  31s  | holdout pooled RMSE 5.8804 ft
epoch  80/120  loss 0.6400  ce 0.3212  huber 0.0270  dzl 0.2917  oov 0.00012  lr 1.00e-03  31s
epoch  81/120  loss 0.6296  ce 0.3160  huber 0.0265  dzl 0.2872  oov 0.00013  lr 1.00e-03  31s
epoch  82/120  loss 0.6381  ce 0.3142  huber 0.0270  dzl 0.2969  oov 0.00011  lr 1.00e-03  31s
epoch  83/120  loss 0.6290  ce 0.3145  huber 0.0264  dzl 0.2881  oov 0.00008  lr 1.00e-03  31s
epoch  84/120  loss 0.6396  ce 0.3188  huber 0.0264  dzl 0.2944  oov 0.00013  lr 1.00e-03  31s  | holdout pooled RMSE 5.8143 ft
epoch  85/120  loss 0.6305  ce 0.3155  huber 0.0262  dzl 0.2888  oov 0.00011  lr 1.00e-03  31s
epoch  86/120  loss 0.6302  ce 0.3145  huber 0.0261  dzl 0.2896  oov 0.00011  lr 1.00e-03  31s
epoch  87/120  loss 0.6316  ce 0.3155  huber 0.0262  dzl 0.2900  oov 0.00014  lr 1.00e-03  31s
epoch  88/120  loss 0.6298  ce 0.3138  huber 0.0264  dzl 0.2896  oov 0.00015  lr 1.00e-03  31s
epoch  89/120  loss 0.6321  ce 0.3154  huber 0.0265  dzl 0.2902  oov 0.00015  lr 1.00e-03  31s  | holdout pooled RMSE 5.9675 ft
epoch  90/120  loss 0.6344  ce 0.3155  huber 0.0268  dzl 0.2921  oov 0.00010  lr 1.00e-03  31s
epoch  91/120  loss 0.6347  ce 0.3185  huber 0.0259  dzl 0.2903  oov 0.00013  lr 1.00e-03  31s
epoch  92/120  loss 0.6279  ce 0.3127  huber 0.0260  dzl 0.2891  oov 0.00008  lr 1.00e-03  31s
epoch  93/120  loss 0.6217  ce 0.3101  huber 0.0261  dzl 0.2856  oov 0.00011  lr 1.00e-03  31s
epoch  94/120  loss 0.6292  ce 0.3154  huber 0.0262  dzl 0.2875  oov 0.00005  lr 1.00e-03  31s  | holdout pooled RMSE 5.9961 ft
epoch  95/120  loss 0.6229  ce 0.3171  huber 0.0262  dzl 0.2796  oov 0.00008  lr 1.00e-03  32s
epoch  96/120  loss 0.6184  ce 0.3093  huber 0.0262  dzl 0.2828  oov 0.00009  lr 1.00e-03  31s
epoch  97/120  loss 0.6241  ce 0.3103  huber 0.0261  dzl 0.2877  oov 0.00010  lr 1.00e-03  31s
epoch  98/120  loss 0.6271  ce 0.3122  huber 0.0259  dzl 0.2890  oov 0.00012  lr 1.00e-03  31s
epoch  99/120  loss 0.6282  ce 0.3146  huber 0.0260  dzl 0.2875  oov 0.00009  lr 1.00e-03  31s  | holdout pooled RMSE 6.0923 ft
epoch 100/120  loss 0.6276  ce 0.3163  huber 0.0264  dzl 0.2849  oov 0.00008  lr 1.00e-03  32s
epoch 101/120  loss 0.6192  ce 0.3084  huber 0.0258  dzl 0.2850  oov 0.00015  lr 1.00e-03  32s
epoch 102/120  loss 0.6191  ce 0.3121  huber 0.0260  dzl 0.2810  oov 0.00008  lr 1.00e-03  32s
epoch 103/120  loss 0.6152  ce 0.3075  huber 0.0259  dzl 0.2818  oov 0.00013  lr 1.00e-03  31s
epoch 104/120  loss 0.5991  ce 0.3032  huber 0.0256  dzl 0.2703  oov 0.00006  lr 1.00e-03  32s  | holdout pooled RMSE 6.0385 ft
epoch 105/120  loss 0.6172  ce 0.3072  huber 0.0257  dzl 0.2842  oov 0.00019  lr 1.00e-03  32s
epoch 106/120  loss 0.6240  ce 0.3116  huber 0.0259  dzl 0.2865  oov 0.00012  lr 1.00e-03  32s
epoch 107/120  loss 0.6102  ce 0.3045  huber 0.0254  dzl 0.2803  oov 0.00010  lr 1.00e-03  31s
epoch 108/120  loss 0.6064  ce 0.3062  huber 0.0256  dzl 0.2746  oov 0.00011  lr 1.00e-03  32s
epoch 109/120  loss 0.6003  ce 0.2993  huber 0.0251  dzl 0.2759  oov 0.00008  lr 1.00e-03  32s  | holdout pooled RMSE 6.0509 ft
epoch 110/120  loss 0.6093  ce 0.3070  huber 0.0252  dzl 0.2771  oov 0.00009  lr 1.00e-03  32s
epoch 111/120  loss 0.6134  ce 0.3089  huber 0.0253  dzl 0.2793  oov 0.00008  lr 1.00e-03  31s
epoch 112/120  loss 0.5947  ce 0.2995  huber 0.0248  dzl 0.2705  oov 0.00006  lr 1.00e-03  32s
epoch 113/120  loss 0.6064  ce 0.3034  huber 0.0251  dzl 0.2780  oov 0.00018  lr 1.00e-03  32s
epoch 114/120  loss 0.6152  ce 0.3090  huber 0.0252  dzl 0.2810  oov 0.00015  lr 1.00e-03  32s  | holdout pooled RMSE 6.0669 ft
epoch 115/120  loss 0.6091  ce 0.3070  huber 0.0255  dzl 0.2766  oov 0.00008  lr 1.00e-03  32s
epoch 116/120  loss 0.6121  ce 0.3064  huber 0.0253  dzl 0.2805  oov 0.00007  lr 1.00e-03  32s
epoch 117/120  loss 0.5922  ce 0.2979  huber 0.0248  dzl 0.2695  oov 0.00006  lr 1.00e-03  31s
epoch 118/120  loss 0.5988  ce 0.2979  huber 0.0247  dzl 0.2762  oov 0.00013  lr 1.00e-03  32s
epoch 119/120  loss 0.5980  ce 0.3000  huber 0.0248  dzl 0.2732  oov 0.00010  lr 1.00e-03  32s  | holdout pooled RMSE 5.9942 ft
final holdout pass: 8 MD phase(s) (np.float64(0.0), np.float64(8.0), np.float64(16.0), np.float64(24.0), np.float64(32.0), np.float64(40.0), np.float64(48.0), np.float64(56.0))

HOLDOUT POOLED RMSE: 6.0885 ft over 754,122 rows in 155 wells
single phase: 5.9942 ft  (TTA gain -0.0943 ft)
per-well RMSE  mean 4.644  p50 3.600  p95 13.070
worst 5 wells carry 27% of the squared error: {'d085e611': 18.961, 'fb03ae90': 17.866, 'f6bc699b': 17.572, 'e7818f7a': 14.316, 'f6d009f4': 12.748}
