
######## setup #######
[2026-09-20 07:52:13] output directory: C:\Users\sudha\OneDrive\Documents\GitHub\Erudition\kaggle_1st_place\solution\results\cnx_fastvit_ep150
[2026-09-20 07:52:13] train path: C:\Users\sudha\OneDrive\Documents\GitHub\Erudition\kaggle_1st_place\solution\data\train
[2026-09-20 07:52:13] device: cuda
[2026-09-20 07:52:13] well limit: None
[2026-09-20 07:52:13] train wells: 773
[2026-09-20 07:52:13] raw/downsample/bins: 11024/32/345, typewell_len=400, tw_gr_grid_type=interpolate
[2026-09-20 07:52:13] batch size: train=4, val=4, grad_accum_steps=4, train_drop_last=True, epochs=150, folds=1, log_freq=5, workers=4, persistent_workers=True, prefetch_factor=1, pin_memory=True
[2026-09-20 07:52:13] CV split: mode=holdout, geo_map_path=C:\Users\sudha\OneDrive\Documents\GitHub\Erudition\kaggle_1st_place\solution\data\train_png_typewell_map.csv, kmeans_clusters=20, kmeans_seed=0, seed=7
[2026-09-20 07:52:13] optimizer: {'optimizer': 'adamw', 'lr': 0.0002, 'min_lr': 5e-07, 'weight_decay': 0.02, 'scheduler': 'cos', 'constant_ratio': 0.0, 'layer_wise_lr': False, 'layer_decay': 0.8}, betas=(0.9, 0.999), eps=1e-08, finetune_epochs=None, finetune_log_freq=1, finetune_lr_reduce=0.3, finetune_disabled_augs=['z_shift']
[2026-09-20 07:52:13] loss: unet weighted_huber_ce weights={'regression': 0.016666666666666666, 'offset': 0.0, 'alignment': 0.06666666666666667, 'CDF': 0.0, 'GR_penalty': 0.016666666666666666, 'dS_penalty': 0.0, 'unet_GR_RMSE': 0.0}, alignment_target=exp_smooth, sigma=1.25, tvt_diff_clip=100, model_down_weight=0 wells=0, min_seq_weight=1, seq_noise_weight=False, seq_noise_smooth=3, seq_noise_power=1, gr_corr_weight=False, gr_corr_weight_p=1, gr_corr_weight_smooth_window=5, gr_corr_weight_smooth_factor=0.5
[2026-09-20 07:52:13] simulation: sim_cfg={'keep_ori_path': {'apply_prob': 0.0}, 'z_shift': {'apply_prob': 0.85, 'S_jump_thr': 0.15, 'prefix_sample_len': None, 'safe_range_guard': False, 'safe_range_guard_resample': 5, 'sample_model': 'diff_block_bootstrap', 'sample_from_same_well': False, 'rule_apply_prob': 1.0, 'rule_reverse_prob': 0.5, 'rule_clip_prob': 0.5, 'rule_clip_min_len': 3000, 'rule_stretch_range': (0.9, 1.1), 'rule_scale_range': (0.9, 1.1), 'diff_block_lengths': (1024, 2048, 4096), 'diff_block_weights': (0.45, 0.4, 0.15), 'diff_block_join_width': 16, 'diff_block_reverse_prob': 0.0, 'diff_block_candidate_count': 1, 'pf_sample_sg_window': 127, 'pf_sample_sg_polyorder': 2, 'z_shift_range': 40, 'drift_ratio': 0.0, 'fault_ratio': 0.05, 'fault_max_num': 3, 'fault_std': 1.75, 'noise_mode': {'TVT_bias_v2': 1.0}, 'nan_mode': {'shift': 1.0}, 'TVT_bias_std': 0.95, 'TVT_bias_window': 1280, 'TVT_bias_v2_tvt_std': 0.95, 'TVT_bias_v2_windows': (1536, 256, 2), 'TVT_bias_v2_weights': (0.68, 0.2, 0.12), 'TVT_bias_v2_gr_std_ranges': ((5.6, 8.4), (8.4, 12.2), (12.2, 17.5)), 'TVT_bias_v2_gr_std_weights': (0.24, 0.51, 0.25), 'TVT_bias_v2_scale_mode': 'std', 'TVT_bias_v2_gr_offset_std': 2.0, 'TVT_bias_v2_clip_abs': 36.0, 'TVT_bias_v3_tvt_std_range': (0.14, 0.34), 'TVT_bias_v3_windows': (3072, 768, 96), 'TVT_bias_v3_weights': (0.55, 0.3, 0.15), 'TVT_bias_v3_step_prob': 0.1, 'TVT_bias_v3_step_abs_range': (3.0, 7.0), 'TVT_bias_v3_step_start_range': (0.25, 0.8), 'TVT_bias_v3_step_transition_rows': 192, 'TVT_bias_v3_max_abs_tvt': 9.0, 'TVT_bias_v3_response_power': 0.9308, 'TVT_bias_v3_response_weight': 0.5, 'TVT_bias_v3_mean_offset': 0.03, 'TVT_bias_v3_residual_std_range': (6.75, 8.75), 'TVT_bias_v3_residual_windows': (2048, 1024, 256, 40, 5, 2), 'TVT_bias_v3_residual_weights': (0.03, 0.05, 0.15, 0.35, 0.15, 0.15, 0.1), 'TVT_bias_v3_residual_tail_df': 6.0, 'TVT_bias_v3_boundary_window': 16, 'TVT_bias_v3_boundary_decay_rows': 32.0, 'TVT_bias_v3_random_ramp_rows': 2.0, 'TVT_bias_v3_boundary_persist': 0.0, 'TVT_bias_v3_offset_std': 1.2, 'TVT_bias_v3_clip_abs': 45.0, 'mixed_V1_tvt_weight': 0.4, 'mixed_V1_target_std': 10.7, 'mixed_V1_offset_std': 1.1, 'mixed_V1_windows': (320, 96, 24), 'mixed_V1_weights': (0.45, 0.25, 0.22, 0.08), 'mixed_V1_tail_df': 6.0, 'mixed_V1_clip_abs': 45.0, 'mixed_V1_slope_clip_ref': 0.0, 'mixed_V1_slope_clip_power': 1.0, 'mixed_V1_slope_smooth_window': 9, 'conditional_GR_bins': 28, 'conditional_GR_min_count': 512, 'conditional_GR_mean_shrink': 0.45, 'conditional_GR_scale_blend': 0.85, 'conditional_GR_windows': (1024, 256, 32), 'conditional_GR_weights': (0.48, 0.25, 0.2, 0.07), 'conditional_GR_tail_df': 6.0, 'conditional_GR_texture_weight': 0.25, 'conditional_GR_tvt_std': 0.75, 'conditional_GR_offset_std': 1.2, 'conditional_GR_std_ranges': ((5.6, 8.4), (8.4, 12.2), (12.2, 17.5)), 'conditional_GR_std_weights': (0.24, 0.51, 0.25), 'conditional_GR_clip_abs': 45.0, 'decomposed_GR_mean_mode': 'power', 'decomposed_GR_power': 0.9308, 'decomposed_GR_mean_shrink': 0.7, 'decomposed_GR_scale_blend': 0.55, 'decomposed_GR_random_windows': (256, 64, 8), 'decomposed_GR_random_weights': (0.34, 0.28, 0.22, 0.16), 'decomposed_GR_tail_df': 6.0, 'decomposed_GR_tvt_weight': 0.26, 'decomposed_GR_tvt_base_std': 0.26, 'decomposed_GR_tvt_base_windows': (512, 96, 8), 'decomposed_GR_tvt_base_weights': (0.5, 0.32, 0.18), 'decomposed_GR_tvt_event_prob': 0.5, 'decomposed_GR_tvt_event_max': 3, 'decomposed_GR_tvt_event_min_len': 24, 'decomposed_GR_tvt_event_max_len': 160, 'decomposed_GR_tvt_event_std': 1.25, 'decomposed_GR_tvt_event_smooth': 9, 'decomposed_GR_target_rmse': 10.7, 'decomposed_GR_offset_std': 0.9, 'decomposed_GR_std_ranges': ((5.6, 8.4), (8.4, 12.2), (12.2, 17.5)), 'decomposed_GR_std_weights': (0.24, 0.51, 0.25), 'decomposed_GR_clip_abs': 45.0, 'real_block_len': 512, 'real_block_alpha_range': (0.65, 0.9), 'real_block_scale_clip': (0.6, 1.6), 'structured_alpha_range': (0.25, 0.65), 'structured_windows': (160, 64, 16), 'structured_weights': (0.5, 0.18, 0.25, 0.07), 'structured_scale_clip': (0.6, 1.6), 'structured_clip_abs': 45.0}, 'xy_shift': {'apply_prob': 0.0, 'ddS_jump_thr': 0.005, 'min_window': 10, 'shift_bound': 10, 'a_bound': 0.06, 'b_bound': 0.08}, 'typewell_mirror': {'apply_prob': 0.0, 'skip_out_of_typewell': True}, 'switch_typewell': {'apply_prob': 0.0, 'noise_mode': 'TVT_bias', 'same_nan': True, 'TVT_bias_std': 0.95, 'TVT_bias_window': 1280}, 'reskin': {'apply_prob': 0.0, 'noise_mode': 'copy', 'same_nan': True, 'quantile_jitter': 0.1, 'max_attempts': 8, 'crop_margin_ft': None, 'grid_step_ft': 1.0, 'min_overlap_ft': 100.0, 'corr_threshold': 0.9, 'min_band_wells': 3, 'min_band_ft': 20.0}}
[2026-09-20 07:52:13] augmentation: aug_cfg={'reverse_path': {'apply_prob': 0.25, 'head_TVT_bound': 10, 'sim_head_range': 256}, 'start_point_shift': {'apply_prob': 0.0, 'left_bound': 0.0, 'right_bound': 2000, 'max_ratio': 0.3}, 'GR_noise_shift': {'apply_prob': 0.0, 'shift_range_ratio': 1.0, 'noise_mode': 'copy', 'TVT_bias_std': 0.95, 'TVT_bias_window': 1280}, 'horizontal_gr_blur': {'apply_prob': 0.0, 'flat_region_max_ratio': 0.5}, 'MD_streching': {'apply_prob': 0.4, 'strech_ratio': (0.7, 1.3), 'apply_to_MD': True}, 'tail_cut': {'apply_prob': 0.2, 'max_cut_ratio': 0.5}, 'channel_mask_2d': {'apply_prob': 0.7, 'mask_prob': 0.1, 'PF_mask_prob': 0.05}, 'PF_rotate_shift': {'apply_prob': 0.1, 'ratio_jitter': 0.25, 'max_abs_shift': 20.0, 'shift_mode': 'absolute', 'center_mode': 'first_valid', 'k_clip': 0.0, 'min_fit_denom': 1e-06}, 'prior_corrupt_2d': {'apply_prob': 0.0, 'geo_apply_prob': 0.75, 'pf_apply_prob': 0.6, 'geo_bias_std': 1.5, 'geo_ramp_std': 3.0, 'geo_smooth_noise_std': 2.5, 'geo_smooth_window_choices': (9, 17, 33), 'geo_jump_prob': 0.05, 'geo_jump_std': 4.0, 'geo_max_abs_shift': 12.0, 'pf_path_noise_std': 1.5, 'pf_path_smooth_window_choices': (5, 11, 23), 'pf_path_max_abs_shift': 8.0, 'pf_temperature_range': (0.85, 1.35), 'pf_row_dropout_prob': 0.02, 'pf_wrong_mode_prob': 0.04, 'pf_wrong_mode_shift_range': (6.0, 14.0), 'geo_pf_disagreement_prob': 0.0, 'corrupt_metric_channels': False}, 'seq_mask': {'apply_prob': 0.1, 'mask_ratio': 0.3}, 'hflip': {'apply_prob': 0.0}, 'typewell_gr_jitter': {'apply_prob': 0.2, 'mode_weights': {'coherent_residual_copy': 1.0, 'reference_only': 0.0}, 'offset_std': 2.0, 'gain_std': 0.04, 'gain_clip': (0.9, 1.1), 'drift_std': 1.5, 'drift_window_ft_choices': (15.0, 30.0, 60.0), 'smooth_prob': 0.1, 'smooth_window_choices': (5, 11, 21), 'smooth_blend_range': (0.1, 0.35)}, 'GR_trf': {'apply_prob': 0.6, 'p_std': 0.0, 'a_std': 0.05, 'a_keep_mean': False, 'b_std': 2.0, 'ab_window': None, 'center_mirror_prob': 0.0, 'smooth_apply_prob': 0.1, 'sharpen_apply_prob': 0.1, 'smooth_window': 5, 'sharpen_alpha_range': (0.0, 0.3)}, 'typewell_drift': {'apply_prob': 0.3, 'shift_std': 1.0}}
[2026-09-20 07:52:13] target mode: unet, stats=(1.591691, 15.853182)
[2026-09-20 07:52:13] pred_sg_smooth: enabled=True, window=577, polyorder=1, blend=0.726196
[2026-09-20 07:52:13] geo prior: {'method': 'idw_dS_xy_wls', 'neighbor_wells': 12, 'point_neighbors': 112, 'idw_power': 2.0, 'point_neighbor_metric': 'anisotropic', 'anisotropy_angle_deg': 50.0, 'anisotropy_ratio': 1.3, 'train_bin_size': 64, 'query_bin_size': 32, 'query_upsample_mode': 'linear', 'prefix_bin_size': 32, 'prefix_support_rows': 512, 'clip_ds_xy': 0.0, 'filter_ds_thr': 0.15, 'wls_normalize_dxy': True, 'wls_ridge_frac': 0.01, 'wls_min_eig_ratio': 0.05, 'wls_max_grad': 0.25, 'wls_robust_mode': 'tukey', 'wls_robust_scale': 0.1, 'wls_robust_iters': 1, 'max_train_points': 12000, 'support_region': 'suffix', 'distance_eps': 1e-06}
[2026-09-20 07:52:13] model: unet, cfg={'unet_arch': 'convnext_small', 'unet_pretrained': None, 'unet_timm_model_name': 'fastvit_sa12.apple_dist_in1k', 'drop_path_rate': 0.0, 'unet_stem_stride': (2, 4), 'unet_stem_down_mode': 'pool', 'unet_convnext_norm_replace': 'BN', 'unet_convnext_bn_eps': 0.0001, 'unet_convnext_bn_momentum': 0.1, 'unet_convnext_bn_track_running_stats': True, 'unet_emb_dim': 32, 'unet_mults': (1, 2, 4, 4), 'unet_stacks': 1, 'res_kernel_size': 3, 'resblock_act': 'silu', 'resblock_norm': 'BN', 'unet_dropout': 0.0, 'head_hidden_mult': 2, 'updown_mode_2d': 'non-param', 'regression_head_mode': 'logits', 'share_logits_head': True, 'offset_detach_logits_head_in_loss': False, 'unet_channel_mask_prob': 0.0, 'unet_channel_mask_all_prob': 0.0, 'unet_channel_mask_value': 0.0, 'deep_sup': False, 'deep_sup_stage_decay': 0.5}
[2026-09-20 07:52:13] U-Net static channels: ('tw_gr', 'gr', 'gr_abs_diff', 'gr_isnan_rate', 'gr_std', 'gr_first_last_delta', 'gr_slope', 'gr_quadratic_a', 'gr_quadratic_b', 'gr_quadratic_c', 'gr_quadratic_rmse', 'tw_gr_is_nan', 'tw_tvt_rel', 'seen_tvt_rel', 'tw_seen_tvt_abs_diff', 'geo_tvt_diff')
[2026-09-20 07:52:13] EMA: enabled=True, decay=0.9900
[2026-09-20 07:52:13] holdout mode: train_frac=0.8
[2026-09-20 07:52:13] train wells: 618 (000d7d20 .. d011f41b)
[2026-09-20 07:52:13] holdout wells: 155 (d07aed8f .. ffefef30)
[2026-09-20 07:52:13] saved holdout split: C:\Users\sudha\OneDrive\Documents\GitHub\Erudition\kaggle_1st_place\solution\results\cnx_fastvit_ep150\holdout_split.csv
[2026-09-20 07:52:13] saved cfg pickle: C:\Users\sudha\OneDrive\Documents\GitHub\Erudition\kaggle_1st_place\solution\results\cnx_fastvit_ep150\cfg.pkl

######## model training #######
[2026-09-20 07:52:13] holdout split: train_wells=618, holdout_wells=155, repeats=1
[2026-09-20 07:52:13] fold0: training wells=618, validation wells=155
[2026-09-20 07:52:32] fold0: geo_prior idw_dS_xy_wls train_rmse=12.4144 val_rmse=11.5716 elapsed=8.50s
[2026-09-20 07:52:43] fold0: EMA enabled decay=0.9900
[2026-09-20 07:54:12] fold0 epoch 1: train_loss=0.342604 (regression:0.4279,alignment:4.8365,GR_penalty:0.7824), val_rmse_raw=15.1814, lr=2.00e-04
[2026-09-20 07:57:23] fold0 epoch 5: train_loss=0.272685 (regression:0.1839,alignment:3.9340,GR_penalty:0.4410), val_rmse_raw=14.9669, lr=1.99e-04
[2026-09-20 08:01:21] fold0 epoch 10: train_loss=0.252574 (regression:0.1297,alignment:3.6594,GR_penalty:0.3872), val_rmse_raw=11.6989, lr=1.98e-04
[2026-09-20 08:05:19] fold0 epoch 15: train_loss=0.241452 (regression:0.1014,alignment:3.4945,GR_penalty:0.4077), val_rmse_raw=7.6225, lr=1.95e-04
[2026-09-20 08:09:18] fold0 epoch 20: train_loss=0.232693 (regression:0.0805,alignment:3.3735,GR_penalty:0.3870), val_rmse_raw=7.3432, lr=1.91e-04
[2026-09-20 08:13:27] fold0 epoch 25: train_loss=0.231516 (regression:0.0838,alignment:3.3574,GR_penalty:0.3774), val_rmse_raw=7.0349, lr=1.87e-04
[2026-09-20 08:17:47] fold0 epoch 30: train_loss=0.229043 (regression:0.0723,alignment:3.3176,GR_penalty:0.4000), val_rmse_raw=7.4835, lr=1.81e-04
[2026-09-20 08:22:06] fold0 epoch 35: train_loss=0.229769 (regression:0.0771,alignment:3.3266,GR_penalty:0.4026), val_rmse_raw=6.8696, lr=1.74e-04
[2026-09-20 08:26:20] fold0 epoch 40: train_loss=0.222771 (regression:0.0604,alignment:3.2281,GR_penalty:0.3934), val_rmse_raw=6.8259, lr=1.67e-04
[2026-09-20 08:30:36] fold0 epoch 45: train_loss=0.223313 (regression:0.0628,alignment:3.2392,GR_penalty:0.3791), val_rmse_raw=6.2376, lr=1.59e-04
[2026-09-20 08:34:46] fold0 epoch 50: train_loss=0.221275 (regression:0.0649,alignment:3.2106,GR_penalty:0.3691), val_rmse_raw=6.0614, lr=1.50e-04
[2026-09-20 08:38:58] fold0 epoch 55: train_loss=0.220202 (regression:0.0560,alignment:3.1939,GR_penalty:0.3804), val_rmse_raw=6.0781, lr=1.41e-04
[2026-09-20 08:43:09] fold0 epoch 60: train_loss=0.219155 (regression:0.0557,alignment:3.1763,GR_penalty:0.3884), val_rmse_raw=5.9504, lr=1.31e-04
[2026-09-20 08:47:29] fold0 epoch 65: train_loss=0.217923 (regression:0.0519,alignment:3.1640,GR_penalty:0.3674), val_rmse_raw=5.7301, lr=1.21e-04
[2026-09-20 08:51:39] fold0 epoch 70: train_loss=0.217357 (regression:0.0541,alignment:3.1535,GR_penalty:0.3731), val_rmse_raw=5.6780, lr=1.11e-04
[2026-09-20 08:55:47] fold0 epoch 75: train_loss=0.216520 (regression:0.0568,alignment:3.1358,GR_penalty:0.3913), val_rmse_raw=5.4290, lr=1.00e-04
[2026-09-20 08:59:58] fold0 epoch 80: train_loss=0.215120 (regression:0.0472,alignment:3.1235,GR_penalty:0.3659), val_rmse_raw=5.4195, lr=8.98e-05
[2026-09-20 09:04:07] fold0 epoch 85: train_loss=0.215580 (regression:0.0529,alignment:3.1258,GR_penalty:0.3788), val_rmse_raw=5.3469, lr=7.95e-05
[2026-09-20 09:08:09] fold0 epoch 90: train_loss=0.213166 (regression:0.0419,alignment:3.0956,GR_penalty:0.3659), val_rmse_raw=5.3956, lr=6.94e-05
[2026-09-20 09:12:11] fold0 epoch 95: train_loss=0.215670 (regression:0.0523,alignment:3.1274,GR_penalty:0.3782), val_rmse_raw=5.2557, lr=5.97e-05
[2026-09-20 09:16:12] fold0 epoch 100: train_loss=0.210029 (regression:0.0315,alignment:3.0506,GR_penalty:0.3677), val_rmse_raw=5.2516, lr=5.04e-05
[2026-09-20 09:20:14] fold0 epoch 105: train_loss=0.211399 (regression:0.0414,alignment:3.0710,GR_penalty:0.3584), val_rmse_raw=5.2969, lr=4.16e-05
[2026-09-20 09:24:14] fold0 epoch 110: train_loss=0.211844 (regression:0.0386,alignment:3.0762,GR_penalty:0.3670), val_rmse_raw=5.3515, lr=3.35e-05
[2026-09-20 09:28:31] fold0 epoch 115: train_loss=0.209266 (regression:0.0302,alignment:3.0379,GR_penalty:0.3740), val_rmse_raw=5.3940, lr=2.61e-05
[2026-09-20 09:32:38] fold0 epoch 120: train_loss=0.209530 (regression:0.0360,alignment:3.0371,GR_penalty:0.3873), val_rmse_raw=5.4524, lr=1.96e-05
[2026-09-20 09:36:48] fold0 epoch 125: train_loss=0.209526 (regression:0.0338,alignment:3.0385,GR_penalty:0.3838), val_rmse_raw=5.2913, lr=1.39e-05
[2026-09-20 09:40:58] fold0 epoch 130: train_loss=0.209092 (regression:0.0369,alignment:3.0372,GR_penalty:0.3596), val_rmse_raw=5.2530, lr=9.12e-06
[2026-09-20 09:45:09] fold0 epoch 135: train_loss=0.209886 (regression:0.0344,alignment:3.0443,GR_penalty:0.3816), val_rmse_raw=5.2769, lr=5.38e-06
[2026-09-20 09:49:13] fold0 epoch 140: train_loss=0.206537 (regression:0.0287,alignment:2.9949,GR_penalty:0.3839), val_rmse_raw=5.3135, lr=2.68e-06
[2026-09-20 09:53:14] fold0 epoch 145: train_loss=0.210301 (regression:0.0347,alignment:3.0503,GR_penalty:0.3823), val_rmse_raw=5.3243, lr=1.05e-06
[2026-09-20 09:57:13] fold0 epoch 150: train_loss=0.209225 (regression:0.0328,alignment:3.0391,GR_penalty:0.3643), val_rmse_raw=5.3027, lr=5.00e-07
[2026-09-20 09:57:17] fold0: best_epoch=100, best_rmse=5.2516, final_rmse=5.2132, raw_rmse=5.2516, well_rmse=mean=4.1111, q50=3.1745, q75=5.4310, q95=10.4972, q99=15.0808, mean_lt_q95=3.6100, raw_well_rmse=mean=4.1544, q50=3.2568, q75=5.4891, q95=10.5399, q99=15.2310, mean_lt_q95=3.6528
[2026-09-20 09:57:22] fold0: CUDA cleanup allocated=0.06->0.06 GiB, reserved=2.32->0.06 GiB
[2026-09-20 09:57:22] OOF RMSE: 5.2132 | FOLD RMSE: 5.2132 (mean:5.2132 +- std:0.0000)
[2026-09-20 09:57:22] OOF raw RMSE: 5.2516 | RAW FOLD RMSE: 5.2516 (mean:5.2516 +- std:0.0000)
[2026-09-20 09:57:22] OOF well_rmse: mean=4.1111, q50=3.1745, q75=5.4310, q95=10.4972, q99=15.0808, mean_lt_q95=3.6100
[2026-09-20 09:57:22] OOF raw well_rmse: mean=4.1544, q50=3.2568, q75=5.4891, q95=10.5399, q99=15.2310, mean_lt_q95=3.6528
[2026-09-20 09:57:22] KFold train-phase avg RMSE best_epoch=100, best_avg_rmse=5.2516, folds=1
[2026-09-20 09:57:22] OOF sample150 RMSE: sample_wells=150, sample_count=10000, seed=20260622, mean=5.2123, q10=5.1213, q25=5.1831, q50=5.2291, q75=5.2574, q90=5.2735
[2026-09-20 09:57:22] OOF raw sample150 RMSE: sample_wells=150, sample_count=10000, seed=20260622, mean=5.2506, q10=5.1595, q25=5.2220, q50=5.2672, q75=5.2957, q90=5.3121

######## save models #######
[2026-09-20 09:57:22] saved models pickle: C:\Users\sudha\OneDrive\Documents\GitHub\Erudition\kaggle_1st_place\solution\results\cnx_fastvit_ep150\models.pkl

######## holdout scoring #######
[2026-09-20 09:57:23] saved holdout predictions: C:\Users\sudha\OneDrive\Documents\GitHub\Erudition\kaggle_1st_place\solution\results\cnx_fastvit_ep150\holdout_predictions.pqt
[2026-09-20 09:57:23] saved holdout metrics: C:\Users\sudha\OneDrive\Documents\GitHub\Erudition\kaggle_1st_place\solution\results\cnx_fastvit_ep150\holdout_metrics.json
[2026-09-20 09:57:23] 
[2026-09-20 09:57:23] HOLDOUT POOLED RMSE: 5.2132 ft over 754,122 suffix rows from 155 wells
[2026-09-20 09:57:23] HOLDOUT POOLED RMSE (pre-SG-smoothing): 5.2516 ft
[2026-09-20 09:57:23]   baseline pooled_rmse_geo_prior_baseline: 11.5716 ft
[2026-09-20 09:57:23] HOLDOUT per-well RMSE: mean=4.1111, q50=3.1745, q75=5.4310, q95=10.4972, q99=15.0808, mean_lt_q95=3.6100
[2026-09-20 09:57:23] saved print log: C:\Users\sudha\OneDrive\Documents\GitHub\Erudition\kaggle_1st_place\solution\results\cnx_fastvit_ep150\seq_nn.log
